Archive member included to satisfy reference by file (symbol)

c:/Users/jiaru/Desktop/lab7/software/lab7_app_bsp/\libhal_bsp.a(alt_load.o)
                              c:/Users/jiaru/Desktop/lab7/software/lab7_app_bsp//obj/HAL/src/crt0.o (alt_load)
c:/Users/jiaru/Desktop/lab7/software/lab7_app_bsp/\libhal_bsp.a(alt_main.o)
                              c:/Users/jiaru/Desktop/lab7/software/lab7_app_bsp//obj/HAL/src/crt0.o (alt_main)
c:/Users/jiaru/Desktop/lab7/software/lab7_app_bsp/\libhal_bsp.a(alt_sys_init.o)
                              c:/Users/jiaru/Desktop/lab7/software/lab7_app_bsp/\libhal_bsp.a(alt_main.o) (alt_irq_init)
c:/Users/jiaru/Desktop/lab7/software/lab7_app_bsp/\libhal_bsp.a(alt_close.o)
                              c:/Users/jiaru/Desktop/lab7/software/lab7_app_bsp/\libhal_bsp.a(alt_main.o) (close)
c:/Users/jiaru/Desktop/lab7/software/lab7_app_bsp/\libhal_bsp.a(alt_dcache_flush_all.o)
                              c:/Users/jiaru/Desktop/lab7/software/lab7_app_bsp/\libhal_bsp.a(alt_load.o) (alt_dcache_flush_all)
c:/Users/jiaru/Desktop/lab7/software/lab7_app_bsp/\libhal_bsp.a(alt_dev.o)
                              c:/Users/jiaru/Desktop/lab7/software/lab7_app_bsp/\libhal_bsp.a(alt_close.o) (alt_fd_list)
c:/Users/jiaru/Desktop/lab7/software/lab7_app_bsp/\libhal_bsp.a(alt_do_ctors.o)
                              c:/Users/jiaru/Desktop/lab7/software/lab7_app_bsp/\libhal_bsp.a(alt_main.o) (_do_ctors)
c:/Users/jiaru/Desktop/lab7/software/lab7_app_bsp/\libhal_bsp.a(alt_do_dtors.o)
                              c:/Users/jiaru/Desktop/lab7/software/lab7_app_bsp/\libhal_bsp.a(alt_main.o) (_do_dtors)
c:/Users/jiaru/Desktop/lab7/software/lab7_app_bsp/\libhal_bsp.a(alt_errno.o)
                              c:/Users/jiaru/Desktop/lab7/software/lab7_app_bsp/\libhal_bsp.a(alt_close.o) (alt_errno)
c:/Users/jiaru/Desktop/lab7/software/lab7_app_bsp/\libhal_bsp.a(alt_icache_flush_all.o)
                              c:/Users/jiaru/Desktop/lab7/software/lab7_app_bsp/\libhal_bsp.a(alt_load.o) (alt_icache_flush_all)
c:/Users/jiaru/Desktop/lab7/software/lab7_app_bsp/\libhal_bsp.a(alt_release_fd.o)
                              c:/Users/jiaru/Desktop/lab7/software/lab7_app_bsp/\libhal_bsp.a(alt_close.o) (alt_release_fd)
c:/Users/jiaru/Desktop/lab7/software/lab7_app_bsp/\libhal_bsp.a(altera_nios2_gen2_irq.o)
                              c:/Users/jiaru/Desktop/lab7/software/lab7_app_bsp/\libhal_bsp.a(alt_sys_init.o) (altera_nios2_gen2_irq_init)
c:/intelfpga_lite/20.1/nios2eds/bin/gnu/h-x86_64-mingw32/bin/../lib/gcc/nios2-elf/10.1.1/../../../../../H-x86_64-mingw32/nios2-elf/lib/mno-hw-mul\libc.a(lib_a-atexit.o)
                              c:/Users/jiaru/Desktop/lab7/software/lab7_app_bsp/\libhal_bsp.a(alt_main.o) (atexit)
c:/intelfpga_lite/20.1/nios2eds/bin/gnu/h-x86_64-mingw32/bin/../lib/gcc/nios2-elf/10.1.1/../../../../../H-x86_64-mingw32/nios2-elf/lib/mno-hw-mul\libc.a(lib_a-exit.o)
                              c:/Users/jiaru/Desktop/lab7/software/lab7_app_bsp/\libhal_bsp.a(alt_main.o) (exit)
c:/intelfpga_lite/20.1/nios2eds/bin/gnu/h-x86_64-mingw32/bin/../lib/gcc/nios2-elf/10.1.1/../../../../../H-x86_64-mingw32/nios2-elf/lib/mno-hw-mul\libc.a(lib_a-impure.o)
                              c:/intelfpga_lite/20.1/nios2eds/bin/gnu/h-x86_64-mingw32/bin/../lib/gcc/nios2-elf/10.1.1/../../../../../H-x86_64-mingw32/nios2-elf/lib/mno-hw-mul\libc.a(lib_a-exit.o) (_global_impure_ptr)
c:/intelfpga_lite/20.1/nios2eds/bin/gnu/h-x86_64-mingw32/bin/../lib/gcc/nios2-elf/10.1.1/../../../../../H-x86_64-mingw32/nios2-elf/lib/mno-hw-mul\libc.a(lib_a-int_errno.o)
                              c:/Users/jiaru/Desktop/lab7/software/lab7_app_bsp/\libhal_bsp.a(alt_close.o) (errno)
c:/intelfpga_lite/20.1/nios2eds/bin/gnu/h-x86_64-mingw32/bin/../lib/gcc/nios2-elf/10.1.1/../../../../../H-x86_64-mingw32/nios2-elf/lib/mno-hw-mul\libc.a(lib_a-__atexit.o)
                              c:/intelfpga_lite/20.1/nios2eds/bin/gnu/h-x86_64-mingw32/bin/../lib/gcc/nios2-elf/10.1.1/../../../../../H-x86_64-mingw32/nios2-elf/lib/mno-hw-mul\libc.a(lib_a-atexit.o) (__register_exitproc)
c:/intelfpga_lite/20.1/nios2eds/bin/gnu/h-x86_64-mingw32/bin/../lib/gcc/nios2-elf/10.1.1/../../../../../H-x86_64-mingw32/nios2-elf/lib/mno-hw-mul\libc.a(lib_a-__call_atexit.o)
                              c:/intelfpga_lite/20.1/nios2eds/bin/gnu/h-x86_64-mingw32/bin/../lib/gcc/nios2-elf/10.1.1/../../../../../H-x86_64-mingw32/nios2-elf/lib/mno-hw-mul\libc.a(lib_a-exit.o) (__call_exitprocs)
c:/Users/jiaru/Desktop/lab7/software/lab7_app_bsp/\libhal_bsp.a(alt_exit.o)
                              c:/intelfpga_lite/20.1/nios2eds/bin/gnu/h-x86_64-mingw32/bin/../lib/gcc/nios2-elf/10.1.1/../../../../../H-x86_64-mingw32/nios2-elf/lib/mno-hw-mul\libc.a(lib_a-exit.o) (_exit)

Memory Configuration

Name             Origin             Length             Attributes
reset            0x0000000000000000 0x0000000000000020
SDRAM            0x0000000000000020 0x0000000007ffffe0
onchip_memory2_0 0x0000000008001030 0x0000000000000010
*default*        0x0000000000000000 0xffffffffffffffff

Linker script and memory map

LOAD c:/Users/jiaru/Desktop/lab7/software/lab7_app_bsp//obj/HAL/src/crt0.o
LOAD obj/default/main.o
LOAD c:/intelfpga_lite/20.1/nios2eds/bin/gnu/h-x86_64-mingw32/bin/../lib/gcc/nios2-elf/10.1.1/../../../../../H-x86_64-mingw32/nios2-elf/lib/mno-hw-mul\libstdc++.a
LOAD c:/intelfpga_lite/20.1/nios2eds/bin/gnu/h-x86_64-mingw32/bin/../lib/gcc/nios2-elf/10.1.1/../../../../../H-x86_64-mingw32/nios2-elf/lib/mno-hw-mul\libm.a
LOAD c:/intelfpga_lite/20.1/nios2eds/bin/gnu/h-x86_64-mingw32/bin/../lib/gcc/nios2-elf/10.1.1/mno-hw-mul\libgcc.a
START GROUP
LOAD c:/intelfpga_lite/20.1/nios2eds/bin/gnu/h-x86_64-mingw32/bin/../lib/gcc/nios2-elf/10.1.1/../../../../../H-x86_64-mingw32/nios2-elf/lib/mno-hw-mul\libc.a
LOAD c:/intelfpga_lite/20.1/nios2eds/bin/gnu/h-x86_64-mingw32/bin/../lib/gcc/nios2-elf/10.1.1/mno-hw-mul\libgcc.a
LOAD c:/Users/jiaru/Desktop/lab7/software/lab7_app_bsp/\libhal_bsp.a
LOAD c:/intelfpga_lite/20.1/nios2eds/bin/gnu/h-x86_64-mingw32/bin/../lib/gcc/nios2-elf/10.1.1/../../../../../H-x86_64-mingw32/nios2-elf/lib/mno-hw-mul\libm.a
END GROUP
LOAD c:/intelfpga_lite/20.1/nios2eds/bin/gnu/h-x86_64-mingw32/bin/../lib/gcc/nios2-elf/10.1.1/mno-hw-mul\libgcc.a
                0x0000000000000000                __alt_mem_SDRAM = 0x0
                0x0000000008001030                __alt_mem_onchip_memory2_0 = 0x8001030

.entry          0x0000000000000000       0x20
 *(.entry)
 .entry         0x0000000000000000       0x20 c:/Users/jiaru/Desktop/lab7/software/lab7_app_bsp//obj/HAL/src/crt0.o
                0x0000000000000000                __reset

.exceptions     0x0000000000000020        0x0
                0x0000000000000020                PROVIDE (__ram_exceptions_start = ABSOLUTE (.))
                0x0000000000000020                . = ALIGN (0x20)
 *(.irq)
 *(.exceptions.entry.label)
 *(.exceptions.entry.user)
 *(.exceptions.entry.ecc_fatal)
 *(.exceptions.entry)
 *(.exceptions.irqtest.user)
 *(.exceptions.irqtest)
 *(.exceptions.irqhandler.user)
 *(.exceptions.irqhandler)
 *(.exceptions.irqreturn.user)
 *(.exceptions.irqreturn)
 *(.exceptions.notirq.label)
 *(.exceptions.notirq.user)
 *(.exceptions.notirq)
 *(.exceptions.soft.user)
 *(.exceptions.soft)
 *(.exceptions.unknown.user)
 *(.exceptions.unknown)
 *(.exceptions.exit.label)
 *(.exceptions.exit.user)
 *(.exceptions.exit)
 *(.exceptions)
                0x0000000000000020                PROVIDE (__ram_exceptions_end = ABSOLUTE (.))
                0x0000000000000020                PROVIDE (__flash_exceptions_start = LOADADDR (.exceptions))

.text           0x0000000000000020      0x794
                [!provide]                        PROVIDE (stext = ABSOLUTE (.))
 *(.interp)
 *(.hash)
 *(.dynsym)
 *(.dynstr)
 *(.gnu.version)
 *(.gnu.version_d)
 *(.gnu.version_r)
 *(.rel.init)
 *(.rela.init)
 *(.rel.text .rel.text.* .rel.gnu.linkonce.t.*)
 *(.rela.text .rela.text.* .rela.gnu.linkonce.t.*)
 *(.rel.fini)
 *(.rela.fini)
 *(.rel.rodata .rel.rodata.* .rel.gnu.linkonce.r.*)
 *(.rela.rodata .rela.rodata.* .rela.gnu.linkonce.r.*)
 *(.rel.data .rel.data.* .rel.gnu.linkonce.d.*)
 *(.rela.data .rela.data.* .rela.gnu.linkonce.d.*)
 *(.rel.tdata .rel.tdata.* .rel.gnu.linkonce.td.*)
 *(.rela.tdata .rela.tdata.* .rela.gnu.linkonce.td.*)
 *(.rel.tbss .rel.tbss.* .rel.gnu.linkonce.tb.*)
 *(.rela.tbss .rela.tbss.* .rela.gnu.linkonce.tb.*)
 *(.rel.ctors)
 *(.rela.ctors)
 *(.rel.dtors)
 *(.rela.dtors)
 *(.rel.got)
 *(.rela.got)
 *(.rel.sdata .rel.sdata.* .rel.gnu.linkonce.s.*)
 *(.rela.sdata .rela.sdata.* .rela.gnu.linkonce.s.*)
 *(.rel.sbss .rel.sbss.* .rel.gnu.linkonce.sb.*)
 *(.rela.sbss .rela.sbss.* .rela.gnu.linkonce.sb.*)
 *(.rel.sdata2 .rel.sdata2.* .rel.gnu.linkonce.s2.*)
 *(.rela.sdata2 .rela.sdata2.* .rela.gnu.linkonce.s2.*)
 *(.rel.sbss2 .rel.sbss2.* .rel.gnu.linkonce.sb2.*)
 *(.rela.sbss2 .rela.sbss2.* .rela.gnu.linkonce.sb2.*)
 *(.rel.bss .rel.bss.* .rel.gnu.linkonce.b.*)
 *(.rela.bss .rela.bss.* .rela.gnu.linkonce.b.*)
 *(.rel.plt)
 *(.rela.plt)
 *(.rel.dyn)
 *(.init)
 *(.plt)
 *(.text .stub .text.* .gnu.linkonce.t.*)
 .text          0x0000000000000020       0x3c c:/Users/jiaru/Desktop/lab7/software/lab7_app_bsp//obj/HAL/src/crt0.o
                0x0000000000000020                _start
 .text          0x000000000000005c       0x9c obj/default/main.o
                0x000000000000005c                main
 .text          0x00000000000000f8       0xec c:/Users/jiaru/Desktop/lab7/software/lab7_app_bsp/\libhal_bsp.a(alt_load.o)
                0x0000000000000160                alt_load
 .text          0x00000000000001e4       0x60 c:/Users/jiaru/Desktop/lab7/software/lab7_app_bsp/\libhal_bsp.a(alt_main.o)
                0x00000000000001e4                alt_main
 .text          0x0000000000000244       0x60 c:/Users/jiaru/Desktop/lab7/software/lab7_app_bsp/\libhal_bsp.a(alt_sys_init.o)
                0x0000000000000244                alt_irq_init
                0x0000000000000280                alt_sys_init
 .text          0x00000000000002a4      0x118 c:/Users/jiaru/Desktop/lab7/software/lab7_app_bsp/\libhal_bsp.a(alt_close.o)
                0x00000000000002e0                close
 .text          0x00000000000003bc       0x20 c:/Users/jiaru/Desktop/lab7/software/lab7_app_bsp/\libhal_bsp.a(alt_dcache_flush_all.o)
                0x00000000000003bc                alt_dcache_flush_all
 .text          0x00000000000003dc       0x2c c:/Users/jiaru/Desktop/lab7/software/lab7_app_bsp/\libhal_bsp.a(alt_dev.o)
 .text          0x0000000000000408       0x64 c:/Users/jiaru/Desktop/lab7/software/lab7_app_bsp/\libhal_bsp.a(alt_do_ctors.o)
                0x0000000000000408                _do_ctors
 .text          0x000000000000046c       0x64 c:/Users/jiaru/Desktop/lab7/software/lab7_app_bsp/\libhal_bsp.a(alt_do_dtors.o)
                0x000000000000046c                _do_dtors
 .text          0x00000000000004d0        0x0 c:/Users/jiaru/Desktop/lab7/software/lab7_app_bsp/\libhal_bsp.a(alt_errno.o)
 .text          0x00000000000004d0       0x20 c:/Users/jiaru/Desktop/lab7/software/lab7_app_bsp/\libhal_bsp.a(alt_icache_flush_all.o)
                0x00000000000004d0                alt_icache_flush_all
 .text          0x00000000000004f0       0x70 c:/Users/jiaru/Desktop/lab7/software/lab7_app_bsp/\libhal_bsp.a(alt_release_fd.o)
                0x00000000000004f0                alt_release_fd
 .text          0x0000000000000560       0x24 c:/Users/jiaru/Desktop/lab7/software/lab7_app_bsp/\libhal_bsp.a(altera_nios2_gen2_irq.o)
                0x0000000000000560                altera_nios2_gen2_irq_init
 .text          0x0000000000000584        0x0 c:/intelfpga_lite/20.1/nios2eds/bin/gnu/h-x86_64-mingw32/bin/../lib/gcc/nios2-elf/10.1.1/../../../../../H-x86_64-mingw32/nios2-elf/lib/mno-hw-mul\libc.a(lib_a-atexit.o)
 .text.atexit   0x0000000000000584       0x14 c:/intelfpga_lite/20.1/nios2eds/bin/gnu/h-x86_64-mingw32/bin/../lib/gcc/nios2-elf/10.1.1/../../../../../H-x86_64-mingw32/nios2-elf/lib/mno-hw-mul\libc.a(lib_a-atexit.o)
                0x0000000000000584                atexit
 .text          0x0000000000000598        0x0 c:/intelfpga_lite/20.1/nios2eds/bin/gnu/h-x86_64-mingw32/bin/../lib/gcc/nios2-elf/10.1.1/../../../../../H-x86_64-mingw32/nios2-elf/lib/mno-hw-mul\libc.a(lib_a-exit.o)
 .text.exit     0x0000000000000598       0x34 c:/intelfpga_lite/20.1/nios2eds/bin/gnu/h-x86_64-mingw32/bin/../lib/gcc/nios2-elf/10.1.1/../../../../../H-x86_64-mingw32/nios2-elf/lib/mno-hw-mul\libc.a(lib_a-exit.o)
                0x0000000000000598                exit
 .text          0x00000000000005cc        0x0 c:/intelfpga_lite/20.1/nios2eds/bin/gnu/h-x86_64-mingw32/bin/../lib/gcc/nios2-elf/10.1.1/../../../../../H-x86_64-mingw32/nios2-elf/lib/mno-hw-mul\libc.a(lib_a-impure.o)
 .text          0x00000000000005cc        0x0 c:/intelfpga_lite/20.1/nios2eds/bin/gnu/h-x86_64-mingw32/bin/../lib/gcc/nios2-elf/10.1.1/../../../../../H-x86_64-mingw32/nios2-elf/lib/mno-hw-mul\libc.a(lib_a-int_errno.o)
 .text          0x00000000000005cc        0x0 c:/intelfpga_lite/20.1/nios2eds/bin/gnu/h-x86_64-mingw32/bin/../lib/gcc/nios2-elf/10.1.1/../../../../../H-x86_64-mingw32/nios2-elf/lib/mno-hw-mul\libc.a(lib_a-__atexit.o)
 .text.__register_exitproc
                0x00000000000005cc       0x90 c:/intelfpga_lite/20.1/nios2eds/bin/gnu/h-x86_64-mingw32/bin/../lib/gcc/nios2-elf/10.1.1/../../../../../H-x86_64-mingw32/nios2-elf/lib/mno-hw-mul\libc.a(lib_a-__atexit.o)
                0x00000000000005cc                __register_exitproc
 .text          0x000000000000065c        0x0 c:/intelfpga_lite/20.1/nios2eds/bin/gnu/h-x86_64-mingw32/bin/../lib/gcc/nios2-elf/10.1.1/../../../../../H-x86_64-mingw32/nios2-elf/lib/mno-hw-mul\libc.a(lib_a-__call_atexit.o)
 .text.__call_exitprocs
                0x000000000000065c      0x120 c:/intelfpga_lite/20.1/nios2eds/bin/gnu/h-x86_64-mingw32/bin/../lib/gcc/nios2-elf/10.1.1/../../../../../H-x86_64-mingw32/nios2-elf/lib/mno-hw-mul\libc.a(lib_a-__call_atexit.o)
                0x000000000000065c                __call_exitprocs
 .text          0x000000000000077c       0x38 c:/Users/jiaru/Desktop/lab7/software/lab7_app_bsp/\libhal_bsp.a(alt_exit.o)
                0x000000000000077c                _exit
 *(.gnu.warning.*)
 *(.fini)
                [!provide]                        PROVIDE (__etext = ABSOLUTE (.))
                [!provide]                        PROVIDE (_etext = ABSOLUTE (.))
                [!provide]                        PROVIDE (etext = ABSOLUTE (.))
 *(.eh_frame_hdr)
                0x00000000000007b4                . = ALIGN (0x4)
                [!provide]                        PROVIDE (__preinit_array_start = ABSOLUTE (.))
 *(.preinit_array)
                [!provide]                        PROVIDE (__preinit_array_end = ABSOLUTE (.))
                [!provide]                        PROVIDE (__init_array_start = ABSOLUTE (.))
 *(.init_array)
                [!provide]                        PROVIDE (__init_array_end = ABSOLUTE (.))
                [!provide]                        PROVIDE (__fini_array_start = ABSOLUTE (.))
 *(.fini_array)
                [!provide]                        PROVIDE (__fini_array_end = ABSOLUTE (.))
 *(.eh_frame)
 *(.gcc_except_table .gcc_except_table.*)
 *(.dynamic)
                0x00000000000007b4                PROVIDE (__CTOR_LIST__ = ABSOLUTE (.))
 *(.ctors)
 *(SORT_BY_NAME(.ctors.*))
                0x00000000000007b4                PROVIDE (__CTOR_END__ = ABSOLUTE (.))
                0x00000000000007b4                PROVIDE (__DTOR_LIST__ = ABSOLUTE (.))
 *(.dtors)
 *(SORT_BY_NAME(.dtors.*))
                0x00000000000007b4                PROVIDE (__DTOR_END__ = ABSOLUTE (.))
 *(.jcr)
                0x00000000000007b4                . = ALIGN (0x4)

.rodata         0x00000000000007b4        0xc
                0x00000000000007b4                PROVIDE (__ram_rodata_start = ABSOLUTE (.))
                0x00000000000007b4                . = ALIGN (0x4)
 *(.rodata .rodata.* .gnu.linkonce.r.*)
 .rodata        0x00000000000007b4        0xa c:/Users/jiaru/Desktop/lab7/software/lab7_app_bsp/\libhal_bsp.a(alt_dev.o)
 *(.rodata1)
                0x00000000000007c0                . = ALIGN (0x4)
 *fill*         0x00000000000007be        0x2 
                0x00000000000007c0                PROVIDE (__ram_rodata_end = ABSOLUTE (.))
                0x00000000000007b4                PROVIDE (__flash_rodata_start = LOADADDR (.rodata))

.rwdata         0x00000000000007c0      0x5ec load address 0x0000000000000dac
                0x00000000000007c0                PROVIDE (__ram_rwdata_start = ABSOLUTE (.))
                0x00000000000007c0                . = ALIGN (0x4)
 *(.got.plt)
 *(.got)
 *(.data1)
 *(.data .data.* .gnu.linkonce.d.*)
 .data          0x00000000000007c0        0x0 c:/Users/jiaru/Desktop/lab7/software/lab7_app_bsp//obj/HAL/src/crt0.o
 .data          0x00000000000007c0        0x0 obj/default/main.o
 .data          0x00000000000007c0        0x0 c:/Users/jiaru/Desktop/lab7/software/lab7_app_bsp/\libhal_bsp.a(alt_load.o)
 .data          0x00000000000007c0        0x0 c:/Users/jiaru/Desktop/lab7/software/lab7_app_bsp/\libhal_bsp.a(alt_main.o)
 .data          0x00000000000007c0        0x0 c:/Users/jiaru/Desktop/lab7/software/lab7_app_bsp/\libhal_bsp.a(alt_sys_init.o)
 .data          0x00000000000007c0        0x0 c:/Users/jiaru/Desktop/lab7/software/lab7_app_bsp/\libhal_bsp.a(alt_close.o)
 .data          0x00000000000007c0        0x0 c:/Users/jiaru/Desktop/lab7/software/lab7_app_bsp/\libhal_bsp.a(alt_dcache_flush_all.o)
 .data          0x00000000000007c0      0x1a8 c:/Users/jiaru/Desktop/lab7/software/lab7_app_bsp/\libhal_bsp.a(alt_dev.o)
                0x00000000000007c0                alt_dev_null
                0x00000000000007e8                alt_fd_list
 .data          0x0000000000000968        0x0 c:/Users/jiaru/Desktop/lab7/software/lab7_app_bsp/\libhal_bsp.a(alt_do_ctors.o)
 .data          0x0000000000000968        0x0 c:/Users/jiaru/Desktop/lab7/software/lab7_app_bsp/\libhal_bsp.a(alt_do_dtors.o)
 .data          0x0000000000000968        0x0 c:/Users/jiaru/Desktop/lab7/software/lab7_app_bsp/\libhal_bsp.a(alt_errno.o)
 .data          0x0000000000000968        0x0 c:/Users/jiaru/Desktop/lab7/software/lab7_app_bsp/\libhal_bsp.a(alt_icache_flush_all.o)
 .data          0x0000000000000968        0x0 c:/Users/jiaru/Desktop/lab7/software/lab7_app_bsp/\libhal_bsp.a(alt_release_fd.o)
 .data          0x0000000000000968        0x0 c:/Users/jiaru/Desktop/lab7/software/lab7_app_bsp/\libhal_bsp.a(altera_nios2_gen2_irq.o)
 .data          0x0000000000000968        0x0 c:/intelfpga_lite/20.1/nios2eds/bin/gnu/h-x86_64-mingw32/bin/../lib/gcc/nios2-elf/10.1.1/../../../../../H-x86_64-mingw32/nios2-elf/lib/mno-hw-mul\libc.a(lib_a-atexit.o)
 .data          0x0000000000000968        0x0 c:/intelfpga_lite/20.1/nios2eds/bin/gnu/h-x86_64-mingw32/bin/../lib/gcc/nios2-elf/10.1.1/../../../../../H-x86_64-mingw32/nios2-elf/lib/mno-hw-mul\libc.a(lib_a-exit.o)
 .data          0x0000000000000968        0x0 c:/intelfpga_lite/20.1/nios2eds/bin/gnu/h-x86_64-mingw32/bin/../lib/gcc/nios2-elf/10.1.1/../../../../../H-x86_64-mingw32/nios2-elf/lib/mno-hw-mul\libc.a(lib_a-impure.o)
 .data.impure_data
                0x0000000000000968      0x424 c:/intelfpga_lite/20.1/nios2eds/bin/gnu/h-x86_64-mingw32/bin/../lib/gcc/nios2-elf/10.1.1/../../../../../H-x86_64-mingw32/nios2-elf/lib/mno-hw-mul\libc.a(lib_a-impure.o)
 .data          0x0000000000000d8c        0x0 c:/intelfpga_lite/20.1/nios2eds/bin/gnu/h-x86_64-mingw32/bin/../lib/gcc/nios2-elf/10.1.1/../../../../../H-x86_64-mingw32/nios2-elf/lib/mno-hw-mul\libc.a(lib_a-int_errno.o)
 .data          0x0000000000000d8c        0x0 c:/intelfpga_lite/20.1/nios2eds/bin/gnu/h-x86_64-mingw32/bin/../lib/gcc/nios2-elf/10.1.1/../../../../../H-x86_64-mingw32/nios2-elf/lib/mno-hw-mul\libc.a(lib_a-__atexit.o)
 .data          0x0000000000000d8c        0x0 c:/intelfpga_lite/20.1/nios2eds/bin/gnu/h-x86_64-mingw32/bin/../lib/gcc/nios2-elf/10.1.1/../../../../../H-x86_64-mingw32/nios2-elf/lib/mno-hw-mul\libc.a(lib_a-__call_atexit.o)
 .data          0x0000000000000d8c        0x0 c:/Users/jiaru/Desktop/lab7/software/lab7_app_bsp/\libhal_bsp.a(alt_exit.o)
                0x0000000000008d8c                _gp = ABSOLUTE ((. + 0x8000))
                [!provide]                        PROVIDE (gp = _gp)
 *(.rwdata .rwdata.*)
 *(.sdata .sdata.* .gnu.linkonce.s.*)
 .sdata         0x0000000000000d8c       0x14 c:/Users/jiaru/Desktop/lab7/software/lab7_app_bsp/\libhal_bsp.a(alt_dev.o)
                0x0000000000000d8c                alt_fs_list
                0x0000000000000d94                alt_dev_list
                0x0000000000000d9c                alt_max_fd
 .sdata         0x0000000000000da0        0x4 c:/Users/jiaru/Desktop/lab7/software/lab7_app_bsp/\libhal_bsp.a(alt_errno.o)
                0x0000000000000da0                alt_errno
 .sdata._global_impure_ptr
                0x0000000000000da4        0x4 c:/intelfpga_lite/20.1/nios2eds/bin/gnu/h-x86_64-mingw32/bin/../lib/gcc/nios2-elf/10.1.1/../../../../../H-x86_64-mingw32/nios2-elf/lib/mno-hw-mul\libc.a(lib_a-impure.o)
                0x0000000000000da4                _global_impure_ptr
 .sdata._impure_ptr
                0x0000000000000da8        0x4 c:/intelfpga_lite/20.1/nios2eds/bin/gnu/h-x86_64-mingw32/bin/../lib/gcc/nios2-elf/10.1.1/../../../../../H-x86_64-mingw32/nios2-elf/lib/mno-hw-mul\libc.a(lib_a-impure.o)
                0x0000000000000da8                _impure_ptr
 *(.sdata2 .sdata2.* .gnu.linkonce.s2.*)
                0x0000000000000dac                . = ALIGN (0x4)
                0x0000000000000dac                _edata = ABSOLUTE (.)
                [!provide]                        PROVIDE (edata = ABSOLUTE (.))
                0x0000000000000dac                PROVIDE (__ram_rwdata_end = ABSOLUTE (.))
                0x0000000000000dac                PROVIDE (__flash_rwdata_start = LOADADDR (.rwdata))

.bss            0x0000000000001398       0x10
                0x0000000000001398                __bss_start = ABSOLUTE (.)
                [!provide]                        PROVIDE (__sbss_start = ABSOLUTE (.))
                [!provide]                        PROVIDE (___sbss_start = ABSOLUTE (.))
 *(.dynsbss)
 *(.sbss .sbss.* .gnu.linkonce.sb.*)
 .sbss          0x0000000000001398        0xc c:/Users/jiaru/Desktop/lab7/software/lab7_app_bsp/\libhal_bsp.a(alt_main.o)
                0x0000000000001398                alt_argc
                0x000000000000139c                alt_argv
                0x00000000000013a0                alt_envp
 .sbss.errno    0x00000000000013a4        0x4 c:/intelfpga_lite/20.1/nios2eds/bin/gnu/h-x86_64-mingw32/bin/../lib/gcc/nios2-elf/10.1.1/../../../../../H-x86_64-mingw32/nios2-elf/lib/mno-hw-mul\libc.a(lib_a-int_errno.o)
                0x00000000000013a4                errno
 *(.sbss2 .sbss2.* .gnu.linkonce.sb2.*)
 *(.scommon)
                [!provide]                        PROVIDE (__sbss_end = ABSOLUTE (.))
                [!provide]                        PROVIDE (___sbss_end = ABSOLUTE (.))
 *(.dynbss)
 *(.bss .bss.* .gnu.linkonce.b.*)
 .bss           0x00000000000013a8        0x0 c:/Users/jiaru/Desktop/lab7/software/lab7_app_bsp//obj/HAL/src/crt0.o
 .bss           0x00000000000013a8        0x0 obj/default/main.o
 .bss           0x00000000000013a8        0x0 c:/Users/jiaru/Desktop/lab7/software/lab7_app_bsp/\libhal_bsp.a(alt_load.o)
 .bss           0x00000000000013a8        0x0 c:/Users/jiaru/Desktop/lab7/software/lab7_app_bsp/\libhal_bsp.a(alt_main.o)
 .bss           0x00000000000013a8        0x0 c:/Users/jiaru/Desktop/lab7/software/lab7_app_bsp/\libhal_bsp.a(alt_sys_init.o)
 .bss           0x00000000000013a8        0x0 c:/Users/jiaru/Desktop/lab7/software/lab7_app_bsp/\libhal_bsp.a(alt_close.o)
 .bss           0x00000000000013a8        0x0 c:/Users/jiaru/Desktop/lab7/software/lab7_app_bsp/\libhal_bsp.a(alt_dcache_flush_all.o)
 .bss           0x00000000000013a8        0x0 c:/Users/jiaru/Desktop/lab7/software/lab7_app_bsp/\libhal_bsp.a(alt_dev.o)
 .bss           0x00000000000013a8        0x0 c:/Users/jiaru/Desktop/lab7/software/lab7_app_bsp/\libhal_bsp.a(alt_do_ctors.o)
 .bss           0x00000000000013a8        0x0 c:/Users/jiaru/Desktop/lab7/software/lab7_app_bsp/\libhal_bsp.a(alt_do_dtors.o)
 .bss           0x00000000000013a8        0x0 c:/Users/jiaru/Desktop/lab7/software/lab7_app_bsp/\libhal_bsp.a(alt_errno.o)
 .bss           0x00000000000013a8        0x0 c:/Users/jiaru/Desktop/lab7/software/lab7_app_bsp/\libhal_bsp.a(alt_icache_flush_all.o)
 .bss           0x00000000000013a8        0x0 c:/Users/jiaru/Desktop/lab7/software/lab7_app_bsp/\libhal_bsp.a(alt_release_fd.o)
 .bss           0x00000000000013a8        0x0 c:/Users/jiaru/Desktop/lab7/software/lab7_app_bsp/\libhal_bsp.a(altera_nios2_gen2_irq.o)
 .bss           0x00000000000013a8        0x0 c:/intelfpga_lite/20.1/nios2eds/bin/gnu/h-x86_64-mingw32/bin/../lib/gcc/nios2-elf/10.1.1/../../../../../H-x86_64-mingw32/nios2-elf/lib/mno-hw-mul\libc.a(lib_a-atexit.o)
 .bss           0x00000000000013a8        0x0 c:/intelfpga_lite/20.1/nios2eds/bin/gnu/h-x86_64-mingw32/bin/../lib/gcc/nios2-elf/10.1.1/../../../../../H-x86_64-mingw32/nios2-elf/lib/mno-hw-mul\libc.a(lib_a-exit.o)
 .bss           0x00000000000013a8        0x0 c:/intelfpga_lite/20.1/nios2eds/bin/gnu/h-x86_64-mingw32/bin/../lib/gcc/nios2-elf/10.1.1/../../../../../H-x86_64-mingw32/nios2-elf/lib/mno-hw-mul\libc.a(lib_a-impure.o)
 .bss           0x00000000000013a8        0x0 c:/intelfpga_lite/20.1/nios2eds/bin/gnu/h-x86_64-mingw32/bin/../lib/gcc/nios2-elf/10.1.1/../../../../../H-x86_64-mingw32/nios2-elf/lib/mno-hw-mul\libc.a(lib_a-int_errno.o)
 .bss           0x00000000000013a8        0x0 c:/intelfpga_lite/20.1/nios2eds/bin/gnu/h-x86_64-mingw32/bin/../lib/gcc/nios2-elf/10.1.1/../../../../../H-x86_64-mingw32/nios2-elf/lib/mno-hw-mul\libc.a(lib_a-__atexit.o)
 .bss           0x00000000000013a8        0x0 c:/intelfpga_lite/20.1/nios2eds/bin/gnu/h-x86_64-mingw32/bin/../lib/gcc/nios2-elf/10.1.1/../../../../../H-x86_64-mingw32/nios2-elf/lib/mno-hw-mul\libc.a(lib_a-__call_atexit.o)
 .bss           0x00000000000013a8        0x0 c:/Users/jiaru/Desktop/lab7/software/lab7_app_bsp/\libhal_bsp.a(alt_exit.o)
 *(COMMON)
                0x00000000000013a8                . = ALIGN (0x4)
                0x00000000000013a8                __bss_end = ABSOLUTE (.)

.SDRAM          0x00000000000013a8        0x0
                [!provide]                        PROVIDE (_alt_partition_SDRAM_start = ABSOLUTE (.))
 *(.SDRAM .SDRAM. SDRAM.*)
                0x00000000000013a8                . = ALIGN (0x4)
                [!provide]                        PROVIDE (_alt_partition_SDRAM_end = ABSOLUTE (.))
                0x00000000000013a8                _end = ABSOLUTE (.)
                0x00000000000013a8                end = ABSOLUTE (.)
                0x00000000000013a8                __alt_stack_base = ABSOLUTE (.)
                [!provide]                        PROVIDE (_alt_partition_SDRAM_load_addr = LOADADDR (.SDRAM))

.onchip_memory2_0
                0x0000000008001030        0x0 load address 0x00000000000013a8
                [!provide]                        PROVIDE (_alt_partition_onchip_memory2_0_start = ABSOLUTE (.))
 *(.onchip_memory2_0 .onchip_memory2_0. onchip_memory2_0.*)
                0x0000000008001030                . = ALIGN (0x4)
                [!provide]                        PROVIDE (_alt_partition_onchip_memory2_0_end = ABSOLUTE (.))
                [!provide]                        PROVIDE (_alt_partition_onchip_memory2_0_load_addr = LOADADDR (.onchip_memory2_0))

.stab
 *(.stab)

.stabstr
 *(.stabstr)

.stab.excl
 *(.stab.excl)

.stab.exclstr
 *(.stab.exclstr)

.stab.index
 *(.stab.index)

.stab.indexstr
 *(.stab.indexstr)

.comment        0x0000000000000000       0x2d
 *(.comment)
 .comment       0x0000000000000000       0x2d obj/default/main.o
                                         0x2e (size before relaxing)
 .comment       0x000000000000002d       0x2e c:/Users/jiaru/Desktop/lab7/software/lab7_app_bsp/\libhal_bsp.a(alt_load.o)
 .comment       0x000000000000002d       0x2e c:/Users/jiaru/Desktop/lab7/software/lab7_app_bsp/\libhal_bsp.a(alt_main.o)
 .comment       0x000000000000002d       0x2e c:/Users/jiaru/Desktop/lab7/software/lab7_app_bsp/\libhal_bsp.a(alt_sys_init.o)
 .comment       0x000000000000002d       0x2e c:/Users/jiaru/Desktop/lab7/software/lab7_app_bsp/\libhal_bsp.a(alt_close.o)
 .comment       0x000000000000002d       0x2e c:/Users/jiaru/Desktop/lab7/software/lab7_app_bsp/\libhal_bsp.a(alt_dcache_flush_all.o)
 .comment       0x000000000000002d       0x2e c:/Users/jiaru/Desktop/lab7/software/lab7_app_bsp/\libhal_bsp.a(alt_dev.o)
 .comment       0x000000000000002d       0x2e c:/Users/jiaru/Desktop/lab7/software/lab7_app_bsp/\libhal_bsp.a(alt_do_ctors.o)
 .comment       0x000000000000002d       0x2e c:/Users/jiaru/Desktop/lab7/software/lab7_app_bsp/\libhal_bsp.a(alt_do_dtors.o)
 .comment       0x000000000000002d       0x2e c:/Users/jiaru/Desktop/lab7/software/lab7_app_bsp/\libhal_bsp.a(alt_errno.o)
 .comment       0x000000000000002d       0x2e c:/Users/jiaru/Desktop/lab7/software/lab7_app_bsp/\libhal_bsp.a(alt_icache_flush_all.o)
 .comment       0x000000000000002d       0x2e c:/Users/jiaru/Desktop/lab7/software/lab7_app_bsp/\libhal_bsp.a(alt_release_fd.o)
 .comment       0x000000000000002d       0x2e c:/Users/jiaru/Desktop/lab7/software/lab7_app_bsp/\libhal_bsp.a(altera_nios2_gen2_irq.o)
 .comment       0x000000000000002d       0x2e c:/intelfpga_lite/20.1/nios2eds/bin/gnu/h-x86_64-mingw32/bin/../lib/gcc/nios2-elf/10.1.1/../../../../../H-x86_64-mingw32/nios2-elf/lib/mno-hw-mul\libc.a(lib_a-atexit.o)
 .comment       0x000000000000002d       0x2e c:/intelfpga_lite/20.1/nios2eds/bin/gnu/h-x86_64-mingw32/bin/../lib/gcc/nios2-elf/10.1.1/../../../../../H-x86_64-mingw32/nios2-elf/lib/mno-hw-mul\libc.a(lib_a-exit.o)
 .comment       0x000000000000002d       0x2e c:/intelfpga_lite/20.1/nios2eds/bin/gnu/h-x86_64-mingw32/bin/../lib/gcc/nios2-elf/10.1.1/../../../../../H-x86_64-mingw32/nios2-elf/lib/mno-hw-mul\libc.a(lib_a-impure.o)
 .comment       0x000000000000002d       0x2e c:/intelfpga_lite/20.1/nios2eds/bin/gnu/h-x86_64-mingw32/bin/../lib/gcc/nios2-elf/10.1.1/../../../../../H-x86_64-mingw32/nios2-elf/lib/mno-hw-mul\libc.a(lib_a-int_errno.o)
 .comment       0x000000000000002d       0x2e c:/intelfpga_lite/20.1/nios2eds/bin/gnu/h-x86_64-mingw32/bin/../lib/gcc/nios2-elf/10.1.1/../../../../../H-x86_64-mingw32/nios2-elf/lib/mno-hw-mul\libc.a(lib_a-__atexit.o)
 .comment       0x000000000000002d       0x2e c:/intelfpga_lite/20.1/nios2eds/bin/gnu/h-x86_64-mingw32/bin/../lib/gcc/nios2-elf/10.1.1/../../../../../H-x86_64-mingw32/nios2-elf/lib/mno-hw-mul\libc.a(lib_a-__call_atexit.o)
 .comment       0x000000000000002d       0x2e c:/Users/jiaru/Desktop/lab7/software/lab7_app_bsp/\libhal_bsp.a(alt_exit.o)

.debug
 *(.debug)

.line
 *(.line)

.debug_srcinfo
 *(.debug_srcinfo)

.debug_sfnames
 *(.debug_sfnames)

.debug_aranges  0x0000000000000000      0x290
 *(.debug_aranges)
 .debug_aranges
                0x0000000000000000       0x28 c:/Users/jiaru/Desktop/lab7/software/lab7_app_bsp//obj/HAL/src/crt0.o
 .debug_aranges
                0x0000000000000028       0x20 obj/default/main.o
 .debug_aranges
                0x0000000000000048       0x20 c:/Users/jiaru/Desktop/lab7/software/lab7_app_bsp/\libhal_bsp.a(alt_load.o)
 .debug_aranges
                0x0000000000000068       0x20 c:/Users/jiaru/Desktop/lab7/software/lab7_app_bsp/\libhal_bsp.a(alt_main.o)
 .debug_aranges
                0x0000000000000088       0x20 c:/Users/jiaru/Desktop/lab7/software/lab7_app_bsp/\libhal_bsp.a(alt_sys_init.o)
 .debug_aranges
                0x00000000000000a8       0x20 c:/Users/jiaru/Desktop/lab7/software/lab7_app_bsp/\libhal_bsp.a(alt_close.o)
 .debug_aranges
                0x00000000000000c8       0x20 c:/Users/jiaru/Desktop/lab7/software/lab7_app_bsp/\libhal_bsp.a(alt_dcache_flush_all.o)
 .debug_aranges
                0x00000000000000e8       0x20 c:/Users/jiaru/Desktop/lab7/software/lab7_app_bsp/\libhal_bsp.a(alt_dev.o)
 .debug_aranges
                0x0000000000000108       0x20 c:/Users/jiaru/Desktop/lab7/software/lab7_app_bsp/\libhal_bsp.a(alt_do_ctors.o)
 .debug_aranges
                0x0000000000000128       0x20 c:/Users/jiaru/Desktop/lab7/software/lab7_app_bsp/\libhal_bsp.a(alt_do_dtors.o)
 .debug_aranges
                0x0000000000000148       0x18 c:/Users/jiaru/Desktop/lab7/software/lab7_app_bsp/\libhal_bsp.a(alt_errno.o)
 .debug_aranges
                0x0000000000000160       0x20 c:/Users/jiaru/Desktop/lab7/software/lab7_app_bsp/\libhal_bsp.a(alt_icache_flush_all.o)
 .debug_aranges
                0x0000000000000180       0x20 c:/Users/jiaru/Desktop/lab7/software/lab7_app_bsp/\libhal_bsp.a(alt_release_fd.o)
 .debug_aranges
                0x00000000000001a0       0x20 c:/Users/jiaru/Desktop/lab7/software/lab7_app_bsp/\libhal_bsp.a(altera_nios2_gen2_irq.o)
 .debug_aranges
                0x00000000000001c0       0x20 c:/intelfpga_lite/20.1/nios2eds/bin/gnu/h-x86_64-mingw32/bin/../lib/gcc/nios2-elf/10.1.1/../../../../../H-x86_64-mingw32/nios2-elf/lib/mno-hw-mul\libc.a(lib_a-atexit.o)
 .debug_aranges
                0x00000000000001e0       0x20 c:/intelfpga_lite/20.1/nios2eds/bin/gnu/h-x86_64-mingw32/bin/../lib/gcc/nios2-elf/10.1.1/../../../../../H-x86_64-mingw32/nios2-elf/lib/mno-hw-mul\libc.a(lib_a-exit.o)
 .debug_aranges
                0x0000000000000200       0x18 c:/intelfpga_lite/20.1/nios2eds/bin/gnu/h-x86_64-mingw32/bin/../lib/gcc/nios2-elf/10.1.1/../../../../../H-x86_64-mingw32/nios2-elf/lib/mno-hw-mul\libc.a(lib_a-impure.o)
 .debug_aranges
                0x0000000000000218       0x18 c:/intelfpga_lite/20.1/nios2eds/bin/gnu/h-x86_64-mingw32/bin/../lib/gcc/nios2-elf/10.1.1/../../../../../H-x86_64-mingw32/nios2-elf/lib/mno-hw-mul\libc.a(lib_a-int_errno.o)
 .debug_aranges
                0x0000000000000230       0x20 c:/intelfpga_lite/20.1/nios2eds/bin/gnu/h-x86_64-mingw32/bin/../lib/gcc/nios2-elf/10.1.1/../../../../../H-x86_64-mingw32/nios2-elf/lib/mno-hw-mul\libc.a(lib_a-__atexit.o)
 .debug_aranges
                0x0000000000000250       0x20 c:/intelfpga_lite/20.1/nios2eds/bin/gnu/h-x86_64-mingw32/bin/../lib/gcc/nios2-elf/10.1.1/../../../../../H-x86_64-mingw32/nios2-elf/lib/mno-hw-mul\libc.a(lib_a-__call_atexit.o)
 .debug_aranges
                0x0000000000000270       0x20 c:/Users/jiaru/Desktop/lab7/software/lab7_app_bsp/\libhal_bsp.a(alt_exit.o)

.debug_pubnames
 *(.debug_pubnames)

.debug_info     0x0000000000000000     0x3b09
 *(.debug_info .gnu.linkonce.wi.*)
 .debug_info    0x0000000000000000       0x22 c:/Users/jiaru/Desktop/lab7/software/lab7_app_bsp//obj/HAL/src/crt0.o
 .debug_info    0x0000000000000022       0x76 obj/default/main.o
 .debug_info    0x0000000000000098      0x14d c:/Users/jiaru/Desktop/lab7/software/lab7_app_bsp/\libhal_bsp.a(alt_load.o)
 .debug_info    0x00000000000001e5       0xef c:/Users/jiaru/Desktop/lab7/software/lab7_app_bsp/\libhal_bsp.a(alt_main.o)
 .debug_info    0x00000000000002d4       0xd2 c:/Users/jiaru/Desktop/lab7/software/lab7_app_bsp/\libhal_bsp.a(alt_sys_init.o)
 .debug_info    0x00000000000003a6      0x32c c:/Users/jiaru/Desktop/lab7/software/lab7_app_bsp/\libhal_bsp.a(alt_close.o)
 .debug_info    0x00000000000006d2       0x8c c:/Users/jiaru/Desktop/lab7/software/lab7_app_bsp/\libhal_bsp.a(alt_dcache_flush_all.o)
 .debug_info    0x000000000000075e      0x57d c:/Users/jiaru/Desktop/lab7/software/lab7_app_bsp/\libhal_bsp.a(alt_dev.o)
 .debug_info    0x0000000000000cdb       0x88 c:/Users/jiaru/Desktop/lab7/software/lab7_app_bsp/\libhal_bsp.a(alt_do_ctors.o)
 .debug_info    0x0000000000000d63       0x88 c:/Users/jiaru/Desktop/lab7/software/lab7_app_bsp/\libhal_bsp.a(alt_do_dtors.o)
 .debug_info    0x0000000000000deb       0x9d c:/Users/jiaru/Desktop/lab7/software/lab7_app_bsp/\libhal_bsp.a(alt_errno.o)
 .debug_info    0x0000000000000e88       0x8c c:/Users/jiaru/Desktop/lab7/software/lab7_app_bsp/\libhal_bsp.a(alt_icache_flush_all.o)
 .debug_info    0x0000000000000f14      0x2b9 c:/Users/jiaru/Desktop/lab7/software/lab7_app_bsp/\libhal_bsp.a(alt_release_fd.o)
 .debug_info    0x00000000000011cd       0x8c c:/Users/jiaru/Desktop/lab7/software/lab7_app_bsp/\libhal_bsp.a(altera_nios2_gen2_irq.o)
 .debug_info    0x0000000000001259      0x100 c:/intelfpga_lite/20.1/nios2eds/bin/gnu/h-x86_64-mingw32/bin/../lib/gcc/nios2-elf/10.1.1/../../../../../H-x86_64-mingw32/nios2-elf/lib/mno-hw-mul\libc.a(lib_a-atexit.o)
 .debug_info    0x0000000000001359      0x970 c:/intelfpga_lite/20.1/nios2eds/bin/gnu/h-x86_64-mingw32/bin/../lib/gcc/nios2-elf/10.1.1/../../../../../H-x86_64-mingw32/nios2-elf/lib/mno-hw-mul\libc.a(lib_a-exit.o)
 .debug_info    0x0000000000001cc9      0x931 c:/intelfpga_lite/20.1/nios2eds/bin/gnu/h-x86_64-mingw32/bin/../lib/gcc/nios2-elf/10.1.1/../../../../../H-x86_64-mingw32/nios2-elf/lib/mno-hw-mul\libc.a(lib_a-impure.o)
 .debug_info    0x00000000000025fa       0x84 c:/intelfpga_lite/20.1/nios2eds/bin/gnu/h-x86_64-mingw32/bin/../lib/gcc/nios2-elf/10.1.1/../../../../../H-x86_64-mingw32/nios2-elf/lib/mno-hw-mul\libc.a(lib_a-int_errno.o)
 .debug_info    0x000000000000267e      0x9b1 c:/intelfpga_lite/20.1/nios2eds/bin/gnu/h-x86_64-mingw32/bin/../lib/gcc/nios2-elf/10.1.1/../../../../../H-x86_64-mingw32/nios2-elf/lib/mno-hw-mul\libc.a(lib_a-__atexit.o)
 .debug_info    0x000000000000302f      0x9f9 c:/intelfpga_lite/20.1/nios2eds/bin/gnu/h-x86_64-mingw32/bin/../lib/gcc/nios2-elf/10.1.1/../../../../../H-x86_64-mingw32/nios2-elf/lib/mno-hw-mul\libc.a(lib_a-__call_atexit.o)
 .debug_info    0x0000000000003a28       0xe1 c:/Users/jiaru/Desktop/lab7/software/lab7_app_bsp/\libhal_bsp.a(alt_exit.o)

.debug_abbrev   0x0000000000000000     0x11e3
 *(.debug_abbrev)
 .debug_abbrev  0x0000000000000000       0x12 c:/Users/jiaru/Desktop/lab7/software/lab7_app_bsp//obj/HAL/src/crt0.o
 .debug_abbrev  0x0000000000000012       0x78 obj/default/main.o
 .debug_abbrev  0x000000000000008a       0xab c:/Users/jiaru/Desktop/lab7/software/lab7_app_bsp/\libhal_bsp.a(alt_load.o)
 .debug_abbrev  0x0000000000000135       0x86 c:/Users/jiaru/Desktop/lab7/software/lab7_app_bsp/\libhal_bsp.a(alt_main.o)
 .debug_abbrev  0x00000000000001bb       0xa1 c:/Users/jiaru/Desktop/lab7/software/lab7_app_bsp/\libhal_bsp.a(alt_sys_init.o)
 .debug_abbrev  0x000000000000025c      0x133 c:/Users/jiaru/Desktop/lab7/software/lab7_app_bsp/\libhal_bsp.a(alt_close.o)
 .debug_abbrev  0x000000000000038f       0x44 c:/Users/jiaru/Desktop/lab7/software/lab7_app_bsp/\libhal_bsp.a(alt_dcache_flush_all.o)
 .debug_abbrev  0x00000000000003d3      0x117 c:/Users/jiaru/Desktop/lab7/software/lab7_app_bsp/\libhal_bsp.a(alt_dev.o)
 .debug_abbrev  0x00000000000004ea       0x81 c:/Users/jiaru/Desktop/lab7/software/lab7_app_bsp/\libhal_bsp.a(alt_do_ctors.o)
 .debug_abbrev  0x000000000000056b       0x81 c:/Users/jiaru/Desktop/lab7/software/lab7_app_bsp/\libhal_bsp.a(alt_do_dtors.o)
 .debug_abbrev  0x00000000000005ec       0x5a c:/Users/jiaru/Desktop/lab7/software/lab7_app_bsp/\libhal_bsp.a(alt_errno.o)
 .debug_abbrev  0x0000000000000646       0x44 c:/Users/jiaru/Desktop/lab7/software/lab7_app_bsp/\libhal_bsp.a(alt_icache_flush_all.o)
 .debug_abbrev  0x000000000000068a       0xea c:/Users/jiaru/Desktop/lab7/software/lab7_app_bsp/\libhal_bsp.a(alt_release_fd.o)
 .debug_abbrev  0x0000000000000774       0x44 c:/Users/jiaru/Desktop/lab7/software/lab7_app_bsp/\libhal_bsp.a(altera_nios2_gen2_irq.o)
 .debug_abbrev  0x00000000000007b8       0xb7 c:/intelfpga_lite/20.1/nios2eds/bin/gnu/h-x86_64-mingw32/bin/../lib/gcc/nios2-elf/10.1.1/../../../../../H-x86_64-mingw32/nios2-elf/lib/mno-hw-mul\libc.a(lib_a-atexit.o)
 .debug_abbrev  0x000000000000086f      0x21d c:/intelfpga_lite/20.1/nios2eds/bin/gnu/h-x86_64-mingw32/bin/../lib/gcc/nios2-elf/10.1.1/../../../../../H-x86_64-mingw32/nios2-elf/lib/mno-hw-mul\libc.a(lib_a-exit.o)
 .debug_abbrev  0x0000000000000a8c      0x1c9 c:/intelfpga_lite/20.1/nios2eds/bin/gnu/h-x86_64-mingw32/bin/../lib/gcc/nios2-elf/10.1.1/../../../../../H-x86_64-mingw32/nios2-elf/lib/mno-hw-mul\libc.a(lib_a-impure.o)
 .debug_abbrev  0x0000000000000c55       0x39 c:/intelfpga_lite/20.1/nios2eds/bin/gnu/h-x86_64-mingw32/bin/../lib/gcc/nios2-elf/10.1.1/../../../../../H-x86_64-mingw32/nios2-elf/lib/mno-hw-mul\libc.a(lib_a-int_errno.o)
 .debug_abbrev  0x0000000000000c8e      0x250 c:/intelfpga_lite/20.1/nios2eds/bin/gnu/h-x86_64-mingw32/bin/../lib/gcc/nios2-elf/10.1.1/../../../../../H-x86_64-mingw32/nios2-elf/lib/mno-hw-mul\libc.a(lib_a-__atexit.o)
 .debug_abbrev  0x0000000000000ede      0x259 c:/intelfpga_lite/20.1/nios2eds/bin/gnu/h-x86_64-mingw32/bin/../lib/gcc/nios2-elf/10.1.1/../../../../../H-x86_64-mingw32/nios2-elf/lib/mno-hw-mul\libc.a(lib_a-__call_atexit.o)
 .debug_abbrev  0x0000000000001137       0xac c:/Users/jiaru/Desktop/lab7/software/lab7_app_bsp/\libhal_bsp.a(alt_exit.o)

.debug_line     0x0000000000000000     0x12b8
 *(.debug_line)
 .debug_line    0x0000000000000000       0x66 c:/Users/jiaru/Desktop/lab7/software/lab7_app_bsp//obj/HAL/src/crt0.o
 .debug_line    0x0000000000000066       0x72 obj/default/main.o
 .debug_line    0x00000000000000d8       0xa6 c:/Users/jiaru/Desktop/lab7/software/lab7_app_bsp/\libhal_bsp.a(alt_load.o)
 .debug_line    0x000000000000017e       0x7d c:/Users/jiaru/Desktop/lab7/software/lab7_app_bsp/\libhal_bsp.a(alt_main.o)
 .debug_line    0x00000000000001fb       0x77 c:/Users/jiaru/Desktop/lab7/software/lab7_app_bsp/\libhal_bsp.a(alt_sys_init.o)
 .debug_line    0x0000000000000272      0x1ad c:/Users/jiaru/Desktop/lab7/software/lab7_app_bsp/\libhal_bsp.a(alt_close.o)
 .debug_line    0x000000000000041f       0x53 c:/Users/jiaru/Desktop/lab7/software/lab7_app_bsp/\libhal_bsp.a(alt_dcache_flush_all.o)
 .debug_line    0x0000000000000472      0x19f c:/Users/jiaru/Desktop/lab7/software/lab7_app_bsp/\libhal_bsp.a(alt_dev.o)
 .debug_line    0x0000000000000611       0x66 c:/Users/jiaru/Desktop/lab7/software/lab7_app_bsp/\libhal_bsp.a(alt_do_ctors.o)
 .debug_line    0x0000000000000677       0x66 c:/Users/jiaru/Desktop/lab7/software/lab7_app_bsp/\libhal_bsp.a(alt_do_dtors.o)
 .debug_line    0x00000000000006dd       0x51 c:/Users/jiaru/Desktop/lab7/software/lab7_app_bsp/\libhal_bsp.a(alt_errno.o)
 .debug_line    0x000000000000072e       0x51 c:/Users/jiaru/Desktop/lab7/software/lab7_app_bsp/\libhal_bsp.a(alt_icache_flush_all.o)
 .debug_line    0x000000000000077f       0xb6 c:/Users/jiaru/Desktop/lab7/software/lab7_app_bsp/\libhal_bsp.a(alt_release_fd.o)
 .debug_line    0x0000000000000835       0x57 c:/Users/jiaru/Desktop/lab7/software/lab7_app_bsp/\libhal_bsp.a(altera_nios2_gen2_irq.o)
 .debug_line    0x000000000000088c       0xf7 c:/intelfpga_lite/20.1/nios2eds/bin/gnu/h-x86_64-mingw32/bin/../lib/gcc/nios2-elf/10.1.1/../../../../../H-x86_64-mingw32/nios2-elf/lib/mno-hw-mul\libc.a(lib_a-atexit.o)
 .debug_line    0x0000000000000983      0x22a c:/intelfpga_lite/20.1/nios2eds/bin/gnu/h-x86_64-mingw32/bin/../lib/gcc/nios2-elf/10.1.1/../../../../../H-x86_64-mingw32/nios2-elf/lib/mno-hw-mul\libc.a(lib_a-exit.o)
 .debug_line    0x0000000000000bad      0x167 c:/intelfpga_lite/20.1/nios2eds/bin/gnu/h-x86_64-mingw32/bin/../lib/gcc/nios2-elf/10.1.1/../../../../../H-x86_64-mingw32/nios2-elf/lib/mno-hw-mul\libc.a(lib_a-impure.o)
 .debug_line    0x0000000000000d14       0x61 c:/intelfpga_lite/20.1/nios2eds/bin/gnu/h-x86_64-mingw32/bin/../lib/gcc/nios2-elf/10.1.1/../../../../../H-x86_64-mingw32/nios2-elf/lib/mno-hw-mul\libc.a(lib_a-int_errno.o)
 .debug_line    0x0000000000000d75      0x21b c:/intelfpga_lite/20.1/nios2eds/bin/gnu/h-x86_64-mingw32/bin/../lib/gcc/nios2-elf/10.1.1/../../../../../H-x86_64-mingw32/nios2-elf/lib/mno-hw-mul\libc.a(lib_a-__atexit.o)
 .debug_line    0x0000000000000f90      0x2a3 c:/intelfpga_lite/20.1/nios2eds/bin/gnu/h-x86_64-mingw32/bin/../lib/gcc/nios2-elf/10.1.1/../../../../../H-x86_64-mingw32/nios2-elf/lib/mno-hw-mul\libc.a(lib_a-__call_atexit.o)
 .debug_line    0x0000000000001233       0x85 c:/Users/jiaru/Desktop/lab7/software/lab7_app_bsp/\libhal_bsp.a(alt_exit.o)

.debug_frame    0x0000000000000000      0x3cc
 *(.debug_frame)
 .debug_frame   0x0000000000000000       0x2c obj/default/main.o
 .debug_frame   0x000000000000002c       0x5c c:/Users/jiaru/Desktop/lab7/software/lab7_app_bsp/\libhal_bsp.a(alt_load.o)
 .debug_frame   0x0000000000000088       0x2c c:/Users/jiaru/Desktop/lab7/software/lab7_app_bsp/\libhal_bsp.a(alt_main.o)
 .debug_frame   0x00000000000000b4       0x5c c:/Users/jiaru/Desktop/lab7/software/lab7_app_bsp/\libhal_bsp.a(alt_sys_init.o)
 .debug_frame   0x0000000000000110       0x60 c:/Users/jiaru/Desktop/lab7/software/lab7_app_bsp/\libhal_bsp.a(alt_close.o)
 .debug_frame   0x0000000000000170       0x34 c:/Users/jiaru/Desktop/lab7/software/lab7_app_bsp/\libhal_bsp.a(alt_dcache_flush_all.o)
 .debug_frame   0x00000000000001a4       0x34 c:/Users/jiaru/Desktop/lab7/software/lab7_app_bsp/\libhal_bsp.a(alt_dev.o)
 .debug_frame   0x00000000000001d8       0x38 c:/Users/jiaru/Desktop/lab7/software/lab7_app_bsp/\libhal_bsp.a(alt_do_ctors.o)
 .debug_frame   0x0000000000000210       0x38 c:/Users/jiaru/Desktop/lab7/software/lab7_app_bsp/\libhal_bsp.a(alt_do_dtors.o)
 .debug_frame   0x0000000000000248       0x34 c:/Users/jiaru/Desktop/lab7/software/lab7_app_bsp/\libhal_bsp.a(alt_icache_flush_all.o)
 .debug_frame   0x000000000000027c       0x34 c:/Users/jiaru/Desktop/lab7/software/lab7_app_bsp/\libhal_bsp.a(alt_release_fd.o)
 .debug_frame   0x00000000000002b0       0x34 c:/Users/jiaru/Desktop/lab7/software/lab7_app_bsp/\libhal_bsp.a(altera_nios2_gen2_irq.o)
 .debug_frame   0x00000000000002e4       0x20 c:/intelfpga_lite/20.1/nios2eds/bin/gnu/h-x86_64-mingw32/bin/../lib/gcc/nios2-elf/10.1.1/../../../../../H-x86_64-mingw32/nios2-elf/lib/mno-hw-mul\libc.a(lib_a-atexit.o)
 .debug_frame   0x0000000000000304       0x28 c:/intelfpga_lite/20.1/nios2eds/bin/gnu/h-x86_64-mingw32/bin/../lib/gcc/nios2-elf/10.1.1/../../../../../H-x86_64-mingw32/nios2-elf/lib/mno-hw-mul\libc.a(lib_a-exit.o)
 .debug_frame   0x000000000000032c       0x20 c:/intelfpga_lite/20.1/nios2eds/bin/gnu/h-x86_64-mingw32/bin/../lib/gcc/nios2-elf/10.1.1/../../../../../H-x86_64-mingw32/nios2-elf/lib/mno-hw-mul\libc.a(lib_a-__atexit.o)
 .debug_frame   0x000000000000034c       0x54 c:/intelfpga_lite/20.1/nios2eds/bin/gnu/h-x86_64-mingw32/bin/../lib/gcc/nios2-elf/10.1.1/../../../../../H-x86_64-mingw32/nios2-elf/lib/mno-hw-mul\libc.a(lib_a-__call_atexit.o)
 .debug_frame   0x00000000000003a0       0x2c c:/Users/jiaru/Desktop/lab7/software/lab7_app_bsp/\libhal_bsp.a(alt_exit.o)

.debug_str      0x0000000000000000      0xd92
 *(.debug_str)
 .debug_str     0x0000000000000000       0x50 c:/Users/jiaru/Desktop/lab7/software/lab7_app_bsp//obj/HAL/src/crt0.o
 .debug_str     0x0000000000000050       0x89 obj/default/main.o
                                         0xa2 (size before relaxing)
 .debug_str     0x00000000000000d9      0x14d c:/Users/jiaru/Desktop/lab7/software/lab7_app_bsp/\libhal_bsp.a(alt_load.o)
                                        0x20b (size before relaxing)
 .debug_str     0x0000000000000226       0x44 c:/Users/jiaru/Desktop/lab7/software/lab7_app_bsp/\libhal_bsp.a(alt_main.o)
                                        0x165 (size before relaxing)
 .debug_str     0x000000000000026a       0x47 c:/Users/jiaru/Desktop/lab7/software/lab7_app_bsp/\libhal_bsp.a(alt_sys_init.o)
                                        0x166 (size before relaxing)
 .debug_str     0x00000000000002b1       0xb6 c:/Users/jiaru/Desktop/lab7/software/lab7_app_bsp/\libhal_bsp.a(alt_close.o)
                                        0x1f7 (size before relaxing)
 .debug_str     0x0000000000000367       0x34 c:/Users/jiaru/Desktop/lab7/software/lab7_app_bsp/\libhal_bsp.a(alt_dcache_flush_all.o)
                                        0x14e (size before relaxing)
 .debug_str     0x000000000000039b      0x15d c:/Users/jiaru/Desktop/lab7/software/lab7_app_bsp/\libhal_bsp.a(alt_dev.o)
                                        0x35d (size before relaxing)
 .debug_str     0x00000000000004f8       0x48 c:/Users/jiaru/Desktop/lab7/software/lab7_app_bsp/\libhal_bsp.a(alt_do_ctors.o)
                                         0xd2 (size before relaxing)
 .debug_str     0x0000000000000540       0x4c c:/Users/jiaru/Desktop/lab7/software/lab7_app_bsp/\libhal_bsp.a(alt_do_dtors.o)
                                         0xd1 (size before relaxing)
 .debug_str     0x000000000000058c       0x14 c:/Users/jiaru/Desktop/lab7/software/lab7_app_bsp/\libhal_bsp.a(alt_errno.o)
                                        0x138 (size before relaxing)
 .debug_str     0x00000000000005a0       0x34 c:/Users/jiaru/Desktop/lab7/software/lab7_app_bsp/\libhal_bsp.a(alt_icache_flush_all.o)
                                        0x14e (size before relaxing)
 .debug_str     0x00000000000005d4       0x28 c:/Users/jiaru/Desktop/lab7/software/lab7_app_bsp/\libhal_bsp.a(alt_release_fd.o)
                                        0x1c8 (size before relaxing)
 .debug_str     0x00000000000005fc       0x3b c:/Users/jiaru/Desktop/lab7/software/lab7_app_bsp/\libhal_bsp.a(altera_nios2_gen2_irq.o)
                                        0x155 (size before relaxing)
 .debug_str     0x0000000000000637      0x17c c:/intelfpga_lite/20.1/nios2eds/bin/gnu/h-x86_64-mingw32/bin/../lib/gcc/nios2-elf/10.1.1/../../../../../H-x86_64-mingw32/nios2-elf/lib/mno-hw-mul\libc.a(lib_a-atexit.o)
                                        0x218 (size before relaxing)
 .debug_str     0x00000000000007b3      0x3e8 c:/intelfpga_lite/20.1/nios2eds/bin/gnu/h-x86_64-mingw32/bin/../lib/gcc/nios2-elf/10.1.1/../../../../../H-x86_64-mingw32/nios2-elf/lib/mno-hw-mul\libc.a(lib_a-exit.o)
                                        0x5bf (size before relaxing)
 .debug_str     0x0000000000000b9b       0xd9 c:/intelfpga_lite/20.1/nios2eds/bin/gnu/h-x86_64-mingw32/bin/../lib/gcc/nios2-elf/10.1.1/../../../../../H-x86_64-mingw32/nios2-elf/lib/mno-hw-mul\libc.a(lib_a-impure.o)
                                        0x5b6 (size before relaxing)
 .debug_str     0x0000000000000c74       0x41 c:/intelfpga_lite/20.1/nios2eds/bin/gnu/h-x86_64-mingw32/bin/../lib/gcc/nios2-elf/10.1.1/../../../../../H-x86_64-mingw32/nios2-elf/lib/mno-hw-mul\libc.a(lib_a-int_errno.o)
                                        0x1d4 (size before relaxing)
 .debug_str     0x0000000000000cb5       0x46 c:/intelfpga_lite/20.1/nios2eds/bin/gnu/h-x86_64-mingw32/bin/../lib/gcc/nios2-elf/10.1.1/../../../../../H-x86_64-mingw32/nios2-elf/lib/mno-hw-mul\libc.a(lib_a-__atexit.o)
                                        0x5f0 (size before relaxing)
 .debug_str     0x0000000000000cfb       0x6d c:/intelfpga_lite/20.1/nios2eds/bin/gnu/h-x86_64-mingw32/bin/../lib/gcc/nios2-elf/10.1.1/../../../../../H-x86_64-mingw32/nios2-elf/lib/mno-hw-mul\libc.a(lib_a-__call_atexit.o)
                                        0x5e9 (size before relaxing)
 .debug_str     0x0000000000000d68       0x2a c:/Users/jiaru/Desktop/lab7/software/lab7_app_bsp/\libhal_bsp.a(alt_exit.o)
                                        0x14a (size before relaxing)

.debug_loc      0x0000000000000000      0x315
 *(.debug_loc)
 .debug_loc     0x0000000000000000       0x32 c:/intelfpga_lite/20.1/nios2eds/bin/gnu/h-x86_64-mingw32/bin/../lib/gcc/nios2-elf/10.1.1/../../../../../H-x86_64-mingw32/nios2-elf/lib/mno-hw-mul\libc.a(lib_a-atexit.o)
 .debug_loc     0x0000000000000032       0x22 c:/intelfpga_lite/20.1/nios2eds/bin/gnu/h-x86_64-mingw32/bin/../lib/gcc/nios2-elf/10.1.1/../../../../../H-x86_64-mingw32/nios2-elf/lib/mno-hw-mul\libc.a(lib_a-exit.o)
 .debug_loc     0x0000000000000054       0xf7 c:/intelfpga_lite/20.1/nios2eds/bin/gnu/h-x86_64-mingw32/bin/../lib/gcc/nios2-elf/10.1.1/../../../../../H-x86_64-mingw32/nios2-elf/lib/mno-hw-mul\libc.a(lib_a-__atexit.o)
 .debug_loc     0x000000000000014b      0x1ca c:/intelfpga_lite/20.1/nios2eds/bin/gnu/h-x86_64-mingw32/bin/../lib/gcc/nios2-elf/10.1.1/../../../../../H-x86_64-mingw32/nios2-elf/lib/mno-hw-mul\libc.a(lib_a-__call_atexit.o)

.debug_macinfo
 *(.debug_macinfo)

.debug_weaknames
 *(.debug_weaknames)

.debug_funcnames
 *(.debug_funcnames)

.debug_typenames
 *(.debug_typenames)

.debug_varnames
 *(.debug_varnames)

.debug_alt_sim_info
                0x0000000000000000       0x10
 *(.debug_alt_sim_info)
 .debug_alt_sim_info
                0x0000000000000000       0x10 c:/Users/jiaru/Desktop/lab7/software/lab7_app_bsp//obj/HAL/src/crt0.o
                0x0000000008000000                __alt_data_end = 0x8000000
                0x0000000008000000                PROVIDE (__alt_stack_pointer = __alt_data_end)
                [!provide]                        PROVIDE (__alt_stack_limit = __alt_stack_base)
                [!provide]                        PROVIDE (__alt_heap_start = end)
                [!provide]                        PROVIDE (__alt_heap_limit = 0x8000000)
OUTPUT(lab7_app.elf elf32-littlenios2)
LOAD linker stubs

.debug_ranges   0x0000000000000000       0x88
 .debug_ranges  0x0000000000000000       0x20 c:/Users/jiaru/Desktop/lab7/software/lab7_app_bsp//obj/HAL/src/crt0.o
 .debug_ranges  0x0000000000000020       0x10 c:/intelfpga_lite/20.1/nios2eds/bin/gnu/h-x86_64-mingw32/bin/../lib/gcc/nios2-elf/10.1.1/../../../../../H-x86_64-mingw32/nios2-elf/lib/mno-hw-mul\libc.a(lib_a-atexit.o)
 .debug_ranges  0x0000000000000030       0x10 c:/intelfpga_lite/20.1/nios2eds/bin/gnu/h-x86_64-mingw32/bin/../lib/gcc/nios2-elf/10.1.1/../../../../../H-x86_64-mingw32/nios2-elf/lib/mno-hw-mul\libc.a(lib_a-exit.o)
 .debug_ranges  0x0000000000000040       0x10 c:/intelfpga_lite/20.1/nios2eds/bin/gnu/h-x86_64-mingw32/bin/../lib/gcc/nios2-elf/10.1.1/../../../../../H-x86_64-mingw32/nios2-elf/lib/mno-hw-mul\libc.a(lib_a-__atexit.o)
 .debug_ranges  0x0000000000000050       0x38 c:/intelfpga_lite/20.1/nios2eds/bin/gnu/h-x86_64-mingw32/bin/../lib/gcc/nios2-elf/10.1.1/../../../../../H-x86_64-mingw32/nios2-elf/lib/mno-hw-mul\libc.a(lib_a-__call_atexit.o)
