Archive member included to satisfy reference by file (symbol)

c:/programdata/intelfpga_lite/nios2eds/bin/gnu/h-x86_64-mingw32/bin/../lib/gcc/nios2-elf/5.3.0/mno-hw-mul\libgcc.a(lib2-mul.o)
                              obj/default/ship_logic.o (__mulsi3)
c:/programdata/intelfpga_lite/nios2eds/bin/gnu/h-x86_64-mingw32/bin/../lib/gcc/nios2-elf/5.3.0/mno-hw-mul\libgcc.a(divdf3.o)
                              obj/default/main.o (__divdf3)
c:/programdata/intelfpga_lite/nios2eds/bin/gnu/h-x86_64-mingw32/bin/../lib/gcc/nios2-elf/5.3.0/mno-hw-mul\libgcc.a(ledf2.o)
                              obj/default/main.o (__ltdf2)
c:/programdata/intelfpga_lite/nios2eds/bin/gnu/h-x86_64-mingw32/bin/../lib/gcc/nios2-elf/5.3.0/mno-hw-mul\libgcc.a(floatsidf.o)
                              obj/default/main.o (__floatsidf)
c:/programdata/intelfpga_lite/nios2eds/bin/gnu/h-x86_64-mingw32/bin/../lib/gcc/nios2-elf/5.3.0/mno-hw-mul\libgcc.a(floatunsidf.o)
                              obj/default/main.o (__floatunsidf)
c:/programdata/intelfpga_lite/nios2eds/bin/gnu/h-x86_64-mingw32/bin/../lib/gcc/nios2-elf/5.3.0/mno-hw-mul\libgcc.a(_clzsi2.o)
                              c:/programdata/intelfpga_lite/nios2eds/bin/gnu/h-x86_64-mingw32/bin/../lib/gcc/nios2-elf/5.3.0/mno-hw-mul\libgcc.a(divdf3.o) (__clzsi2)
c:/programdata/intelfpga_lite/nios2eds/bin/gnu/h-x86_64-mingw32/bin/../lib/gcc/nios2-elf/5.3.0/mno-hw-mul\libgcc.a(lib2-divmod.o)
                              c:/programdata/intelfpga_lite/nios2eds/bin/gnu/h-x86_64-mingw32/bin/../lib/gcc/nios2-elf/5.3.0/mno-hw-mul\libgcc.a(divdf3.o) (__udivsi3)
c:/programdata/intelfpga_lite/nios2eds/bin/gnu/h-x86_64-mingw32/bin/../lib/gcc/nios2-elf/5.3.0/mno-hw-mul\libgcc.a(_clz.o)
                              c:/programdata/intelfpga_lite/nios2eds/bin/gnu/h-x86_64-mingw32/bin/../lib/gcc/nios2-elf/5.3.0/mno-hw-mul\libgcc.a(_clzsi2.o) (__clz_tab)
c:/programdata/intelfpga_lite/nios2eds/bin/gnu/h-x86_64-mingw32/bin/../lib/gcc/nios2-elf/5.3.0/../../../../../H-x86_64-mingw32/nios2-elf/lib/mno-hw-mul\libc.a(lib_a-clock.o)
                              obj/default/main.o (clock)
c:/programdata/intelfpga_lite/nios2eds/bin/gnu/h-x86_64-mingw32/bin/../lib/gcc/nios2-elf/5.3.0/../../../../../H-x86_64-mingw32/nios2-elf/lib/mno-hw-mul\libc.a(lib_a-impure.o)
                              c:/programdata/intelfpga_lite/nios2eds/bin/gnu/h-x86_64-mingw32/bin/../lib/gcc/nios2-elf/5.3.0/../../../../../H-x86_64-mingw32/nios2-elf/lib/mno-hw-mul\libc.a(lib_a-clock.o) (_impure_ptr)
c:/programdata/intelfpga_lite/nios2eds/bin/gnu/h-x86_64-mingw32/bin/../lib/gcc/nios2-elf/5.3.0/../../../../../H-x86_64-mingw32/nios2-elf/lib/mno-hw-mul\libc.a(lib_a-printf.o)
                              obj/default/main.o (printf)
c:/programdata/intelfpga_lite/nios2eds/bin/gnu/h-x86_64-mingw32/bin/../lib/gcc/nios2-elf/5.3.0/../../../../../H-x86_64-mingw32/nios2-elf/lib/mno-hw-mul\libc.a(lib_a-puts.o)
                              obj/default/main.o (puts)
c:/programdata/intelfpga_lite/nios2eds/bin/gnu/h-x86_64-mingw32/bin/../lib/gcc/nios2-elf/5.3.0/../../../../../H-x86_64-mingw32/nios2-elf/lib/mno-hw-mul\libc.a(lib_a-strlen.o)
                              c:/programdata/intelfpga_lite/nios2eds/bin/gnu/h-x86_64-mingw32/bin/../lib/gcc/nios2-elf/5.3.0/../../../../../H-x86_64-mingw32/nios2-elf/lib/mno-hw-mul\libc.a(lib_a-puts.o) (strlen)
c:/programdata/intelfpga_lite/nios2eds/bin/gnu/h-x86_64-mingw32/bin/../lib/gcc/nios2-elf/5.3.0/../../../../../H-x86_64-mingw32/nios2-elf/lib/mno-hw-mul\libc.a(lib_a-timesr.o)
                              c:/programdata/intelfpga_lite/nios2eds/bin/gnu/h-x86_64-mingw32/bin/../lib/gcc/nios2-elf/5.3.0/../../../../../H-x86_64-mingw32/nios2-elf/lib/mno-hw-mul\libc.a(lib_a-clock.o) (_times_r)
c:/programdata/intelfpga_lite/nios2eds/bin/gnu/h-x86_64-mingw32/bin/../lib/gcc/nios2-elf/5.3.0/../../../../../H-x86_64-mingw32/nios2-elf/lib/mno-hw-mul\libc.a(lib_a-vfprintf.o)
                              c:/programdata/intelfpga_lite/nios2eds/bin/gnu/h-x86_64-mingw32/bin/../lib/gcc/nios2-elf/5.3.0/../../../../../H-x86_64-mingw32/nios2-elf/lib/mno-hw-mul\libc.a(lib_a-printf.o) (___vfprintf_internal_r)
c:/programdata/intelfpga_lite/nios2eds/bin/gnu/h-x86_64-mingw32/bin/../lib/gcc/nios2-elf/5.3.0/../../../../../H-x86_64-mingw32/nios2-elf/lib/mno-hw-mul\libc.a(lib_a-wsetup.o)
                              c:/programdata/intelfpga_lite/nios2eds/bin/gnu/h-x86_64-mingw32/bin/../lib/gcc/nios2-elf/5.3.0/../../../../../H-x86_64-mingw32/nios2-elf/lib/mno-hw-mul\libc.a(lib_a-vfprintf.o) (__swsetup_r)
c:/programdata/intelfpga_lite/nios2eds/bin/gnu/h-x86_64-mingw32/bin/../lib/gcc/nios2-elf/5.3.0/../../../../../H-x86_64-mingw32/nios2-elf/lib/mno-hw-mul\libc.a(lib_a-dtoa.o)
                              c:/programdata/intelfpga_lite/nios2eds/bin/gnu/h-x86_64-mingw32/bin/../lib/gcc/nios2-elf/5.3.0/../../../../../H-x86_64-mingw32/nios2-elf/lib/mno-hw-mul\libc.a(lib_a-vfprintf.o) (_dtoa_r)
[...]
Memory Configuration

Name             Origin             Length             Attributes
reset            0x0000000008000000 0x0000000000000020
SDRAM            0x0000000008000020 0x0000000007ffffe0
*default*        0x0000000000000000 0xffffffffffffffff

Linker script and memory map

LOAD ../final_bsp//obj/HAL/src/crt0.o
LOAD obj/default/bullet.o
LOAD obj/default/choose_ship.o
LOAD obj/default/io_handler.o
LOAD obj/default/main.o
LOAD obj/default/ship_logic.o
LOAD obj/default/torpedo.o
LOAD obj/default/usb.o
LOAD obj/default/usb_main.o
LOAD c:/programdata/intelfpga_lite/nios2eds/bin/gnu/h-x86_64-mingw32/bin/../lib/gcc/nios2-elf/5.3.0/../../../../../H-x86_64-mingw32/nios2-elf/lib/mno-hw-mul\libstdc++.a
LOAD c:/programdata/intelfpga_lite/nios2eds/bin/gnu/h-x86_64-mingw32/bin/../lib/gcc/nios2-elf/5.3.0/../../../../../H-x86_64-mingw32/nios2-elf/lib/mno-hw-mul\libm.a
LOAD c:/programdata/intelfpga_lite/nios2eds/bin/gnu/h-x86_64-mingw32/bin/../lib/gcc/nios2-elf/5.3.0/mno-hw-mul\libgcc.a
START GROUP
LOAD c:/programdata/intelfpga_lite/nios2eds/bin/gnu/h-x86_64-mingw32/bin/../lib/gcc/nios2-elf/5.3.0/../../../../../H-x86_64-mingw32/nios2-elf/lib/mno-hw-mul\libc.a
LOAD c:/programdata/intelfpga_lite/nios2eds/bin/gnu/h-x86_64-mingw32/bin/../lib/gcc/nios2-elf/5.3.0/mno-hw-mul\libgcc.a
LOAD ../final_bsp/\libhal_bsp.a
LOAD c:/programdata/intelfpga_lite/nios2eds/bin/gnu/h-x86_64-mingw32/bin/../lib/gcc/nios2-elf/5.3.0/../../../../../H-x86_64-mingw32/nios2-elf/lib/mno-hw-mul\libm.a
END GROUP
LOAD c:/programdata/intelfpga_lite/nios2eds/bin/gnu/h-x86_64-mingw32/bin/../lib/gcc/nios2-elf/5.3.0/mno-hw-mul\libgcc.a
                0x0000000008000000                __alt_mem_SDRAM = 0x8000000

.entry          0x0000000008000000       0x20
 *(.entry)
 .entry         0x0000000008000000       0x20 ../final_bsp//obj/HAL/src/crt0.o
                0x0000000008000000                __reset

.exceptions     0x0000000008000020      0x210
                0x0000000008000020                PROVIDE (__ram_exceptions_start, ABSOLUTE (.))
                0x0000000008000020                . = ALIGN (0x20)
 *(.irq)
 *(.exceptions.entry.label)
 .exceptions.entry.label
                0x0000000008000020        0x0 ../final_bsp/\libhal_bsp.a(alt_irq_entry.o)
                0x0000000008000020                alt_irq_entry
 .exceptions.entry.label
                0x0000000008000020        0x0 ../final_bsp/\libhal_bsp.a(alt_exception_entry.o)
                0x0000000008000020                alt_exception
 *(.exceptions.entry.user)
 *(.exceptions.entry.ecc_fatal)
 *(.exceptions.entry)
 .exceptions.entry
                0x0000000008000020       0x54 ../final_bsp/\libhal_bsp.a(alt_exception_entry.o)
 *(.exceptions.irqtest.user)
 *(.exceptions.irqtest)
 .exceptions.irqtest
                0x0000000008000074       0x10 ../final_bsp/\libhal_bsp.a(alt_irq_entry.o)
 *(.exceptions.irqhandler.user)
 *(.exceptions.irqhandler)
 .exceptions.irqhandler
                0x0000000008000084        0x4 ../final_bsp/\libhal_bsp.a(alt_irq_entry.o)
 *(.exceptions.irqreturn.user)
 *(.exceptions.irqreturn)
 .exceptions.irqreturn
                0x0000000008000088        0x4 ../final_bsp/\libhal_bsp.a(alt_irq_entry.o)
 *(.exceptions.notirq.label)
 .exceptions.notirq.label
                0x000000000800008c        0x0 ../final_bsp/\libhal_bsp.a(alt_irq_entry.o)
 *(.exceptions.notirq.user)
 *(.exceptions.notirq)
 .exceptions.notirq
                0x000000000800008c        0x8 ../final_bsp/\libhal_bsp.a(alt_exception_entry.o)
 *(.exceptions.soft.user)
 *(.exceptions.soft)
 *(.exceptions.unknown.user)
 *(.exceptions.unknown)
 .exceptions.unknown
                0x0000000008000094       0x14 ../final_bsp/\libhal_bsp.a(alt_exception_entry.o)
 *(.exceptions.exit.label)
 .exceptions.exit.label
                0x00000000080000a8        0x0 ../final_bsp/\libhal_bsp.a(alt_irq_entry.o)
 .exceptions.exit.label
                0x00000000080000a8        0x0 ../final_bsp/\libhal_bsp.a(alt_exception_entry.o)
 *(.exceptions.exit.user)
 *(.exceptions.exit)
 .exceptions.exit
                0x00000000080000a8       0x54 ../final_bsp/\libhal_bsp.a(alt_exception_entry.o)
 *(.exceptions)
 .exceptions    0x00000000080000fc       0xd4 ../final_bsp/\libhal_bsp.a(alt_irq_handler.o)
                0x00000000080000fc                alt_irq_handler
 .exceptions    0x00000000080001d0       0x60 ../final_bsp/\libhal_bsp.a(alt_instruction_exception_entry.o)
                0x00000000080001d0                alt_instruction_exception_entry
                0x0000000008000230                PROVIDE (__ram_exceptions_end, ABSOLUTE (.))
                0x0000000008000020                PROVIDE (__flash_exceptions_start, LOADADDR (.exceptions))

.text           0x0000000008000230    0x14c30
                [!provide]                        PROVIDE (stext, ABSOLUTE (.))
 *(.interp)
 *(.hash)
 *(.dynsym)
 *(.dynstr)
 *(.gnu.version)
 *(.gnu.version_d)
 *(.gnu.version_r)
 *(.rel.init)
 *(.rela.init)
 *(.rel.text .rel.text.* .rel.gnu.linkonce.t.*)
 *(.rela.text .rela.text.* .rela.gnu.linkonce.t.*)
 *(.rel.fini)
 *(.rela.fini)
 *(.rel.rodata .rel.rodata.* .rel.gnu.linkonce.r.*)
 *(.rela.rodata .rela.rodata.* .rela.gnu.linkonce.r.*)
 *(.rel.data .rel.data.* .rel.gnu.linkonce.d.*)
 *(.rela.data .rela.data.* .rela.gnu.linkonce.d.*)
 *(.rel.tdata .rel.tdata.* .rel.gnu.linkonce.td.*)
 *(.rela.tdata .rela.tdata.* .rela.gnu.linkonce.td.*)
 *(.rel.tbss .rel.tbss.* .rel.gnu.linkonce.tb.*)
 *(.rela.tbss .rela.tbss.* .rela.gnu.linkonce.tb.*)
 *(.rel.ctors)
 *(.rela.ctors)
 *(.rel.dtors)
 *(.rela.dtors)
 *(.rel.got)
 *(.rela.got)
 *(.rel.sdata .rel.sdata.* .rel.gnu.linkonce.s.*)
 *(.rela.sdata .rela.sdata.* .rela.gnu.linkonce.s.*)
 *(.rel.sbss .rel.sbss.* .rel.gnu.linkonce.sb.*)
 *(.rela.sbss .rela.sbss.* .rela.gnu.linkonce.sb.*)
 *(.rel.sdata2 .rel.sdata2.* .rel.gnu.linkonce.s2.*)
 *(.rela.sdata2 .rela.sdata2.* .rela.gnu.linkonce.s2.*)
 *(.rel.sbss2 .rel.sbss2.* .rel.gnu.linkonce.sb2.*)
 *(.rela.sbss2 .rela.sbss2.* .rela.gnu.linkonce.sb2.*)
 *(.rel.bss .rel.bss.* .rel.gnu.linkonce.b.*)
 *(.rela.bss .rela.bss.* .rela.gnu.linkonce.b.*)
 *(.rel.plt)
 *(.rela.plt)
 *(.rel.dyn)
 *(.init)
 *(.plt)
 *(.text .stub .text.* .gnu.linkonce.t.*)
 .text          0x0000000008000230       0x3c ../final_bsp//obj/HAL/src/crt0.o
                0x0000000008000230                _start
 .text          0x000000000800026c      0xb20 obj/default/bullet.o
                0x000000000800026c                generate_bullet
                0x0000000008000430                update_bullet
                0x0000000008000c28                init_bullet
 .text          0x0000000008000d8c      0x394 obj/default/choose_ship.o
                0x0000000008000d8c                choose_ship
 .text          0x0000000008001120      0x1b8 obj/default/io_handler.o
                0x0000000008001120                IO_init
                0x00000000080011d0                IO_write
                0x0000000008001258                IO_read
 .text          0x00000000080012d8     0x1038 obj/default/main.o
                0x00000000080012d8                frame_clock
                0x0000000008001390                key_event
                0x000000000800181c                game_update
                0x0000000008001928                ship_choose_update
                0x00000000080019a8                gamefile_update
                0x0000000008001f94                test_round
                0x000000000800208c                main
 .text          0x0000000008002310      0x840 obj/default/ship_logic.o
                0x0000000008002310                press_w
                0x000000000800238c                press_s
                0x0000000008002408                press_a
                0x0000000008002510                press_d
                0x0000000008002610                ship_init
                0x0000000008002764                update
                0x0000000008002914                stop
                0x0000000008002958                update_helper
                0x0000000008002a2c                detect
                0x0000000008002acc                detect_ship_attack
 .text          0x0000000008002b50      0xe5c obj/default/torpedo.o
                0x0000000008002b50                generate_tor
                0x0000000008002e60                press_j
                0x0000000008002ec4                upstate_tor
                0x000000000800340c                move_tor
                0x00000000080036a4                ifstop_tor
                0x000000000800380c                init_tor
                0x00000000080038f4                update_tor
                0x0000000008003974                press_z
 .text          0x00000000080039ac     0x1174 obj/default/usb.o
                0x00000000080039ac                UsbWrite
                0x0000000008003a04                UsbRead
                0x0000000008003a48                UsbSoftReset
                0x0000000008003afc                UsbSetAddress
                0x0000000008003bfc                UsbGetDeviceDesc1
                0x0000000008003d44                UsbGetDeviceDesc2
                0x0000000008003f1c                UsbGetConfigDesc1
                0x00000000080040ac                UsbGetConfigDesc2
                0x0000000008004314                UsbSetConfig
                0x0000000008004414                UsbClassRequest
                0x0000000008004514                UsbGetHidDesc
                0x000000000800465c                UsbGetReportDesc
                0x000000000800499c                UsbWaitTDListDone
                0x0000000008004a20                UsbGetRetryCnt
                0x0000000008004aa0                UsbPrintMem
 .text          0x0000000008004b20      0xad8 obj/default/usb_main.o
                0x0000000008004b20                usb_init
                0x00000000080052e0                get_keycode
 .text          0x00000000080055f8       0x28 c:/programdata/intelfpga_lite/nios2eds/bin/gnu/h-x86_64-mingw32/bin/../lib/gcc/nios2-elf/5.3.0/mno-hw-mul\libgcc.a(lib2-mul.o)
                0x00000000080055f8                __mulsi3
 .text          0x0000000008005620      0x9d0 c:/programdata/intelfpga_lite/nios2eds/bin/gnu/h-x86_64-mingw32/bin/../lib/gcc/nios2-elf/5.3.0/mno-hw-mul\libgcc.a(divdf3.o)
                0x0000000008005620                __divdf3
 .text          0x0000000008005ff0       0xf4 c:/programdata/intelfpga_lite/nios2eds/bin/gnu/h-x86_64-mingw32/bin/../lib/gcc/nios2-elf/5.3.0/mno-hw-mul\libgcc.a(ledf2.o)
                0x0000000008005ff0                __ledf2
                0x0000000008005ff0                __ltdf2
 .text          0x00000000080060e4       0xdc c:/programdata/intelfpga_lite/nios2eds/bin/gnu/h-x86_64-mingw32/bin/../lib/gcc/nios2-elf/5.3.0/mno-hw-mul\libgcc.a(floatsidf.o)
                0x00000000080060e4                __floatsidf
 .text          0x00000000080061c0       0xa8 c:/programdata/intelfpga_lite/nios2eds/bin/gnu/h-x86_64-mingw32/bin/../lib/gcc/nios2-elf/5.3.0/mno-hw-mul\libgcc.a(floatunsidf.o)
                0x00000000080061c0                __floatunsidf
 .text          0x0000000008006268       0x64 c:/programdata/intelfpga_lite/nios2eds/bin/gnu/h-x86_64-mingw32/bin/../lib/gcc/nios2-elf/5.3.0/mno-hw-mul\libgcc.a(_clzsi2.o)
                0x0000000008006268                __clzsi2
 .text          0x00000000080062cc      0x1b4 c:/programdata/intelfpga_lite/nios2eds/bin/gnu/h-x86_64-mingw32/bin/../lib/gcc/nios2-elf/5.3.0/mno-hw-mul\libgcc.a(lib2-divmod.o)
                0x00000000080062cc                __divsi3
                0x0000000008006350                __modsi3
                0x00000000080063c4                __udivsi3
                0x0000000008006428                __umodsi3
 .text          0x0000000008006480        0x0 c:/programdata/intelfpga_lite/nios2eds/bin/gnu/h-x86_64-mingw32/bin/../lib/gcc/nios2-elf/5.3.0/mno-hw-mul\libgcc.a(_clz.o)
 .text          0x0000000008006480        0x0 c:/programdata/intelfpga_lite/nios2eds/bin/gnu/h-x86_64-mingw32/bin/../lib/gcc/nios2-elf/5.3.0/../../../../../H-x86_64-mingw32/nios2-elf/lib/mno-hw-mul\libc.a(lib_a-clock.o)
 .text.clock    0x0000000008006480       0x4c c:/programdata/intelfpga_lite/nios2eds/bin/gnu/h-x86_64-mingw32/bin/../lib/gcc/nios2-elf/5.3.0/../../../../../H-x86_64-mingw32/nios2-elf/lib/mno-hw-mul\libc.a(lib_a-clock.o)
                0x0000000008006480                clock
 .text          0x00000000080064cc        0x0 c:/programdata/intelfpga_lite/nios2eds/bin/gnu/h-x86_64-mingw32/bin/../lib/gcc/nios2-elf/5.3.0/../../../../../H-x86_64-mingw32/nios2-elf/lib/mno-hw-mul\libc.a(lib_a-impure.o)
 .text          0x00000000080064cc        0x0 c:/programdata/intelfpga_lite/nios2eds/bin/gnu/h-x86_64-mingw32/bin/../lib/gcc/nios2-elf/5.3.0/../../../../../H-x86_64-mingw32/nios2-elf/lib/mno-hw-mul\libc.a(lib_a-printf.o)
 .text._printf_r
                0x00000000080064cc       0x30 c:/programdata/intelfpga_lite/nios2eds/bin/gnu/h-x86_64-mingw32/bin/../lib/gcc/nios2-elf/5.3.0/../../../../../H-x86_64-mingw32/nios2-elf/lib/mno-hw-mul\libc.a(lib_a-printf.o)
                0x00000000080064cc                _printf_r
 .text.printf   0x00000000080064fc       0x3c c:/programdata/intelfpga_lite/nios2eds/bin/gnu/h-x86_64-mingw32/bin/../lib/gcc/nios2-elf/5.3.0/../../../../../H-x86_64-mingw32/nios2-elf/lib/mno-hw-mul\libc.a(lib_a-printf.o)
                0x00000000080064fc                printf
 .text          0x0000000008006538        0x0 c:/programdata/intelfpga_lite/nios2eds/bin/gnu/h-x86_64-mingw32/bin/../lib/gcc/nios2-elf/5.3.0/../../../../../H-x86_64-mingw32/nios2-elf/lib/mno-hw-mul\libc.a(lib_a-puts.o)
 .text._puts_r  0x0000000008006538       0xc0 c:/programdata/intelfpga_lite/nios2eds/bin/gnu/h-x86_64-mingw32/bin/../lib/gcc/nios2-elf/5.3.0/../../../../../H-x86_64-mingw32/nios2-elf/lib/mno-hw-mul\libc.a(lib_a-puts.o)
                0x0000000008006538                _puts_r
 .text.puts     0x00000000080065f8       0x14 c:/programdata/intelfpga_lite/nios2eds/bin/gnu/h-x86_64-mingw32/bin/../lib/gcc/nios2-elf/5.3.0/../../../../../H-x86_64-mingw32/nios2-elf/lib/mno-hw-mul\libc.a(lib_a-puts.o)
                0x00000000080065f8                puts
 .text          0x000000000800660c        0x0 c:/programdata/intelfpga_lite/nios2eds/bin/gnu/h-x86_64-mingw32/bin/../lib/gcc/nios2-elf/5.3.0/../../../../../H-x86_64-mingw32/nios2-elf/lib/mno-hw-mul\libc.a(lib_a-strlen.o)
 .text.strlen   0x000000000800660c       0x98 c:/programdata/intelfpga_lite/nios2eds/bin/gnu/h-x86_64-mingw32/bin/../lib/gcc/nios2-elf/5.3.0/../../../../../H-x86_64-mingw32/nios2-elf/lib/mno-hw-mul\libc.a(lib_a-strlen.o)
                0x000000000800660c                strlen
 .text          0x00000000080066a4        0x0 c:/programdata/intelfpga_lite/nios2eds/bin/gnu/h-x86_64-mingw32/bin/../lib/gcc/nios2-elf/5.3.0/../../../../../H-x86_64-mingw32/nios2-elf/lib/mno-hw-mul\libc.a(lib_a-timesr.o)
 .text._times_r
                0x00000000080066a4        0x8 c:/programdata/intelfpga_lite/nios2eds/bin/gnu/h-x86_64-mingw32/bin/../lib/gcc/nios2-elf/5.3.0/../../../../../H-x86_64-mingw32/nios2-elf/lib/mno-hw-mul\libc.a(lib_a-timesr.o)
                0x00000000080066a4                _times_r
 .text          0x00000000080066ac        0x0 c:/programdata/intelfpga_lite/nios2eds/bin/gnu/h-x86_64-mingw32/bin/../lib/gcc/nios2-elf/5.3.0/../../../../../H-x86_64-mingw32/nios2-elf/lib/mno-hw-mul\libc.a(lib_a-vfprintf.o)
 .text.___vfprintf_internal_r
                0x00000000080066ac     0x22dc c:/programdata/intelfpga_lite/nios2eds/bin/gnu/h-x86_64-mingw32/bin/../lib/gcc/nios2-elf/5.3.0/../../../../../H-x86_64-mingw32/nios2-elf/lib/mno-hw-mul\libc.a(lib_a-vfprintf.o)
                0x00000000080066ac                ___vfprintf_internal_r
 .text.__vfprintf_internal
                0x0000000008008988       0x1c c:/programdata/intelfpga_lite/nios2eds/bin/gnu/h-x86_64-mingw32/bin/../lib/gcc/nios2-elf/5.3.0/../../../../../H-x86_64-mingw32/nios2-elf/lib/mno-hw-mul\libc.a(lib_a-vfprintf.o)
                0x0000000008008988                __vfprintf_internal
 .text.__sbprintf
                0x00000000080089a4       0xbc c:/programdata/intelfpga_lite/nios2eds/bin/gnu/h-x86_64-mingw32/bin/../lib/gcc/nios2-elf/5.3.0/../../../../../H-x86_64-mingw32/nios2-elf/lib/mno-hw-mul\libc.a(lib_a-vfprintf.o)
 .text          0x0000000008008a60        0x0 c:/programdata/intelfpga_lite/nios2eds/bin/gnu/h-x86_64-mingw32/bin/../lib/gcc/nios2-elf/5.3.0/../../../../../H-x86_64-mingw32/nios2-elf/lib/mno-hw-mul\libc.a(lib_a-wsetup.o)
 .text.__swsetup_r
                0x0000000008008a60      0x154 c:/programdata/intelfpga_lite/nios2eds/bin/gnu/h-x86_64-mingw32/bin/../lib/gcc/nios2-elf/5.3.0/../../../../../H-x86_64-mingw32/nios2-elf/lib/mno-hw-mul\libc.a(lib_a-wsetup.o)
                0x0000000008008a60                __swsetup_r
 .text          0x0000000008008bb4        0x0 c:/programdata/intelfpga_lite/nios2eds/bin/gnu/h-x86_64-mingw32/bin/../lib/gcc/nios2-elf/5.3.0/../../../../../H-x86_64-mingw32/nios2-elf/lib/mno-hw-mul\libc.a(lib_a-dtoa.o)
 .text.quorem   0x0000000008008bb4      0x228 c:/programdata/intelfpga_lite/nios2eds/bin/gnu/h-x86_64-mingw32/bin/../lib/gcc/nios2-elf/5.3.0/../../../../../H-x86_64-mingw32/nios2-elf/lib/mno-hw-mul\libc.a(lib_a-dtoa.o)
 .text._dtoa_r  0x0000000008008ddc     0x1688 c:/programdata/intelfpga_lite/nios2eds/bin/gnu/h-x86_64-mingw32/bin/../lib/gcc/nios2-elf/5.3.0/../../../../../H-x86_64-mingw32/nios2-elf/lib/mno-hw-mul\libc.a(lib_a-dtoa.o)
                0x0000000008008ddc                _dtoa_r
 .text          0x000000000800a464        0x0 c:/programdata/intelfpga_lite/nios2eds/bin/gnu/h-x86_64-mingw32/bin/../lib/gcc/nios2-elf/5.3.0/../../../../../H-x86_64-mingw32/nios2-elf/lib/mno-hw-mul\libc.a(lib_a-fflush.o)
 .text.__sflush_r
                0x000000000800a464      0x21c c:/programdata/intelfpga_lite/nios2eds/bin/gnu/h-x86_64-mingw32/bin/../lib/gcc/nios2-elf/5.3.0/../../../../../H-x86_64-mingw32/nios2-elf/lib/mno-hw-mul\libc.a(lib_a-fflush.o)
                0x000000000800a464                __sflush_r
 .text._fflush_r
                0x000000000800a680       0x5c c:/programdata/intelfpga_lite/nios2eds/bin/gnu/h-x86_64-mingw32/bin/../lib/gcc/nios2-elf/5.3.0/../../../../../H-x86_64-mingw32/nios2-elf/lib/mno-hw-mul\libc.a(lib_a-fflush.o)
                0x000000000800a680                _fflush_r
 .text.fflush   0x000000000800a6dc       0x30 c:/programdata/intelfpga_lite/nios2eds/bin/gnu/h-x86_64-mingw32/bin/../lib/gcc/nios2-elf/5.3.0/../../../../../H-x86_64-mingw32/nios2-elf/lib/mno-hw-mul\libc.a(lib_a-fflush.o)
                0x000000000800a6dc                fflush
 .text          0x000000000800a70c        0x0 c:/programdata/intelfpga_lite/nios2eds/bin/gnu/h-x86_64-mingw32/bin/../lib/gcc/nios2-elf/5.3.0/../../../../../H-x86_64-mingw32/nios2-elf/lib/mno-hw-mul\libc.a(lib_a-findfp.o)
 .text.__fp_unlock
                0x000000000800a70c        0x8 c:/programdata/intelfpga_lite/nios2eds/bin/gnu/h-x86_64-mingw32/bin/../lib/gcc/nios2-elf/5.3.0/../../../../../H-x86_64-mingw32/nios2-elf/lib/mno-hw-mul\libc.a(lib_a-findfp.o)
 .text._cleanup_r
                0x000000000800a714        0xc c:/programdata/intelfpga_lite/nios2eds/bin/gnu/h-x86_64-mingw32/bin/../lib/gcc/nios2-elf/5.3.0/../../../../../H-x86_64-mingw32/nios2-elf/lib/mno-hw-mul\libc.a(lib_a-findfp.o)
                0x000000000800a714                _cleanup_r
 .text.__sinit.part.1
                0x000000000800a720      0x19c c:/programdata/intelfpga_lite/nios2eds/bin/gnu/h-x86_64-mingw32/bin/../lib/gcc/nios2-elf/5.3.0/../../../../../H-x86_64-mingw32/nios2-elf/lib/mno-hw-mul\libc.a(lib_a-findfp.o)
 .text.__fp_lock
                0x000000000800a8bc        0x8 c:/programdata/intelfpga_lite/nios2eds/bin/gnu/h-x86_64-mingw32/bin/../lib/gcc/nios2-elf/5.3.0/../../../../../H-x86_64-mingw32/nios2-elf/lib/mno-hw-mul\libc.a(lib_a-findfp.o)
 .text.__sfmoreglue
                0x000000000800a8c4       0x78 c:/programdata/intelfpga_lite/nios2eds/bin/gnu/h-x86_64-mingw32/bin/../lib/gcc/nios2-elf/5.3.0/../../../../../H-x86_64-mingw32/nios2-elf/lib/mno-hw-mul\libc.a(lib_a-findfp.o)
                0x000000000800a8c4                __sfmoreglue
 .text.__sfp    0x000000000800a93c      0x118 c:/programdata/intelfpga_lite/nios2eds/bin/gnu/h-x86_64-mingw32/bin/../lib/gcc/nios2-elf/5.3.0/../../../../../H-x86_64-mingw32/nios2-elf/lib/mno-hw-mul\libc.a(lib_a-findfp.o)
                0x000000000800a93c                __sfp
 .text._cleanup
                0x000000000800aa54       0x18 c:/programdata/intelfpga_lite/nios2eds/bin/gnu/h-x86_64-mingw32/bin/../lib/gcc/nios2-elf/5.3.0/../../../../../H-x86_64-mingw32/nios2-elf/lib/mno-hw-mul\libc.a(lib_a-findfp.o)
                0x000000000800aa54                _cleanup
 .text.__sinit  0x000000000800aa6c       0x10 c:/programdata/intelfpga_lite/nios2eds/bin/gnu/h-x86_64-mingw32/bin/../lib/gcc/nios2-elf/5.3.0/../../../../../H-x86_64-mingw32/nios2-elf/lib/mno-hw-mul\libc.a(lib_a-findfp.o)
                0x000000000800aa6c                __sinit
 .text.__sfp_lock_acquire
                0x000000000800aa7c        0x4 c:/programdata/intelfpga_lite/nios2eds/bin/gnu/h-x86_64-mingw32/bin/../lib/gcc/nios2-elf/5.3.0/../../../../../H-x86_64-mingw32/nios2-elf/lib/mno-hw-mul\libc.a(lib_a-findfp.o)
                0x000000000800aa7c                __sfp_lock_acquire
 .text.__sfp_lock_release
                0x000000000800aa80        0x4 c:/programdata/intelfpga_lite/nios2eds/bin/gnu/h-x86_64-mingw32/bin/../lib/gcc/nios2-elf/5.3.0/../../../../../H-x86_64-mingw32/nios2-elf/lib/mno-hw-mul\libc.a(lib_a-findfp.o)
                0x000000000800aa80                __sfp_lock_release
 .text.__sinit_lock_acquire
                0x000000000800aa84        0x4 c:/programdata/intelfpga_lite/nios2eds/bin/gnu/h-x86_64-mingw32/bin/../lib/gcc/nios2-elf/5.3.0/../../../../../H-x86_64-mingw32/nios2-elf/lib/mno-hw-mul\libc.a(lib_a-findfp.o)
                0x000000000800aa84                __sinit_lock_acquire
 .text.__sinit_lock_release
                0x000000000800aa88        0x4 c:/programdata/intelfpga_lite/nios2eds/bin/gnu/h-x86_64-mingw32/bin/../lib/gcc/nios2-elf/5.3.0/../../../../../H-x86_64-mingw32/nios2-elf/lib/mno-hw-mul\libc.a(lib_a-findfp.o)
                0x000000000800aa88                __sinit_lock_release
 .text.__fp_lock_all
                0x000000000800aa8c       0x18 c:/programdata/intelfpga_lite/nios2eds/bin/gnu/h-x86_64-mingw32/bin/../lib/gcc/nios2-elf/5.3.0/../../../../../H-x86_64-mingw32/nios2-elf/lib/mno-hw-mul\libc.a(lib_a-findfp.o)
                0x000000000800aa8c                __fp_lock_all
 .text.__fp_unlock_all
                0x000000000800aaa4       0x18 c:/programdata/intelfpga_lite/nios2eds/bin/gnu/h-x86_64-mingw32/bin/../lib/gcc/nios2-elf/5.3.0/../../../../../H-x86_64-mingw32/nios2-elf/lib/mno-hw-mul\libc.a(lib_a-findfp.o)
                0x000000000800aaa4                __fp_unlock_all
 .text          0x000000000800aabc        0x0 c:/programdata/intelfpga_lite/nios2eds/bin/gnu/h-x86_64-mingw32/bin/../lib/gcc/nios2-elf/5.3.0/../../../../../H-x86_64-mingw32/nios2-elf/lib/mno-hw-mul\libc.a(lib_a-freer.o)
 .text._malloc_trim_r
                0x000000000800aabc      0x124 c:/programdata/intelfpga_lite/nios2eds/bin/gnu/h-x86_64-mingw32/bin/../lib/gcc/nios2-elf/5.3.0/../../../../../H-x86_64-mingw32/nios2-elf/lib/mno-hw-mul\libc.a(lib_a-freer.o)
                0x000000000800aabc                _malloc_trim_r
 .text._free_r  0x000000000800abe0      0x310 c:/programdata/intelfpga_lite/nios2eds/bin/gnu/h-x86_64-mingw32/bin/../lib/gcc/nios2-elf/5.3.0/../../../../../H-x86_64-mingw32/nios2-elf/lib/mno-hw-mul\libc.a(lib_a-freer.o)
                0x000000000800abe0                _free_r
 .text          0x000000000800aef0        0x0 c:/programdata/intelfpga_lite/nios2eds/bin/gnu/h-x86_64-mingw32/bin/../lib/gcc/nios2-elf/5.3.0/../../../../../H-x86_64-mingw32/nios2-elf/lib/mno-hw-mul\libc.a(lib_a-fvwrite.o)
 .text.__sfvwrite_r
                0x000000000800aef0      0x4c8 c:/programdata/intelfpga_lite/nios2eds/bin/gnu/h-x86_64-mingw32/bin/../lib/gcc/nios2-elf/5.3.0/../../../../../H-x86_64-mingw32/nios2-elf/lib/mno-hw-mul\libc.a(lib_a-fvwrite.o)
                0x000000000800aef0                __sfvwrite_r
 .text          0x000000000800b3b8        0x0 c:/programdata/intelfpga_lite/nios2eds/bin/gnu/h-x86_64-mingw32/bin/../lib/gcc/nios2-elf/5.3.0/../../../../../H-x86_64-mingw32/nios2-elf/lib/mno-hw-mul\libc.a(lib_a-fwalk.o)
 .text._fwalk   0x000000000800b3b8       0xc4 c:/programdata/intelfpga_lite/nios2eds/bin/gnu/h-x86_64-mingw32/bin/../lib/gcc/nios2-elf/5.3.0/../../../../../H-x86_64-mingw32/nios2-elf/lib/mno-hw-mul\libc.a(lib_a-fwalk.o)
                0x000000000800b3b8                _fwalk
 .text._fwalk_reent
                0x000000000800b47c       0xc4 c:/programdata/intelfpga_lite/nios2eds/bin/gnu/h-x86_64-mingw32/bin/../lib/gcc/nios2-elf/5.3.0/../../../../../H-x86_64-mingw32/nios2-elf/lib/mno-hw-mul\libc.a(lib_a-fwalk.o)
                0x000000000800b47c                _fwalk_reent
 .text          0x000000000800b540        0x0 c:/programdata/intelfpga_lite/nios2eds/bin/gnu/h-x86_64-mingw32/bin/../lib/gcc/nios2-elf/5.3.0/../../../../../H-x86_64-mingw32/nios2-elf/lib/mno-hw-mul\libc.a(lib_a-locale.o)
 .text._setlocale_r
                0x000000000800b540       0x7c c:/programdata/intelfpga_lite/nios2eds/bin/gnu/h-x86_64-mingw32/bin/../lib/gcc/nios2-elf/5.3.0/../../../../../H-x86_64-mingw32/nios2-elf/lib/mno-hw-mul\libc.a(lib_a-locale.o)
                0x000000000800b540                _setlocale_r
 .text.__locale_charset
                0x000000000800b5bc        0xc c:/programdata/intelfpga_lite/nios2eds/bin/gnu/h-x86_64-mingw32/bin/../lib/gcc/nios2-elf/5.3.0/../../../../../H-x86_64-mingw32/nios2-elf/lib/mno-hw-mul\libc.a(lib_a-locale.o)
                0x000000000800b5bc                __locale_charset
 .text.__locale_mb_cur_max
                0x000000000800b5c8       0x10 c:/programdata/intelfpga_lite/nios2eds/bin/gnu/h-x86_64-mingw32/bin/../lib/gcc/nios2-elf/5.3.0/../../../../../H-x86_64-mingw32/nios2-elf/lib/mno-hw-mul\libc.a(lib_a-locale.o)
                0x000000000800b5c8                __locale_mb_cur_max
 .text.__locale_msgcharset
                0x000000000800b5d8        0xc c:/programdata/intelfpga_lite/nios2eds/bin/gnu/h-x86_64-mingw32/bin/../lib/gcc/nios2-elf/5.3.0/../../../../../H-x86_64-mingw32/nios2-elf/lib/mno-hw-mul\libc.a(lib_a-locale.o)
                0x000000000800b5d8                __locale_msgcharset
 .text.__locale_cjk_lang
                0x000000000800b5e4        0x8 c:/programdata/intelfpga_lite/nios2eds/bin/gnu/h-x86_64-mingw32/bin/../lib/gcc/nios2-elf/5.3.0/../../../../../H-x86_64-mingw32/nios2-elf/lib/mno-hw-mul\libc.a(lib_a-locale.o)
                0x000000000800b5e4                __locale_cjk_lang
 .text._localeconv_r
                0x000000000800b5ec        0xc c:/programdata/intelfpga_lite/nios2eds/bin/gnu/h-x86_64-mingw32/bin/../lib/gcc/nios2-elf/5.3.0/../../../../../H-x86_64-mingw32/nios2-elf/lib/mno-hw-mul\libc.a(lib_a-locale.o)
                0x000000000800b5ec                _localeconv_r
 .text.setlocale
                0x000000000800b5f8       0x18 c:/programdata/intelfpga_lite/nios2eds/bin/gnu/h-x86_64-mingw32/bin/../lib/gcc/nios2-elf/5.3.0/../../../../../H-x86_64-mingw32/nios2-elf/lib/mno-hw-mul\libc.a(lib_a-locale.o)
                0x000000000800b5f8                setlocale
 .text.localeconv
                0x000000000800b610        0xc c:/programdata/intelfpga_lite/nios2eds/bin/gnu/h-x86_64-mingw32/bin/../lib/gcc/nios2-elf/5.3.0/../../../../../H-x86_64-mingw32/nios2-elf/lib/mno-hw-mul\libc.a(lib_a-locale.o)
                0x000000000800b610                localeconv
 .text          0x000000000800b61c        0x0 c:/programdata/intelfpga_lite/nios2eds/bin/gnu/h-x86_64-mingw32/bin/../lib/gcc/nios2-elf/5.3.0/../../../../../H-x86_64-mingw32/nios2-elf/lib/mno-hw-mul\libc.a(lib_a-makebuf.o)
 .text.__smakebuf_r
                0x000000000800b61c      0x1bc c:/programdata/intelfpga_lite/nios2eds/bin/gnu/h-x86_64-mingw32/bin/../lib/gcc/nios2-elf/5.3.0/../../../../../H-x86_64-mingw32/nios2-elf/lib/mno-hw-mul\libc.a(lib_a-makebuf.o)
                0x000000000800b61c                __smakebuf_r
 .text          0x000000000800b7d8        0x0 c:/programdata/intelfpga_lite/nios2eds/bin/gnu/h-x86_64-mingw32/bin/../lib/gcc/nios2-elf/5.3.0/../../../../../H-x86_64-mingw32/nios2-elf/lib/mno-hw-mul\libc.a(lib_a-mallocr.o)
 .text._malloc_r
                0x000000000800b7d8      0x80c c:/programdata/intelfpga_lite/nios2eds/bin/gnu/h-x86_64-mingw32/bin/../lib/gcc/nios2-elf/5.3.0/../../../../../H-x86_64-mingw32/nios2-elf/lib/mno-hw-mul\libc.a(lib_a-mallocr.o)
                0x000000000800b7d8                _malloc_r
 .text          0x000000000800bfe4        0x0 c:/programdata/intelfpga_lite/nios2eds/bin/gnu/h-x86_64-mingw32/bin/../lib/gcc/nios2-elf/5.3.0/../../../../../H-x86_64-mingw32/nios2-elf/lib/mno-hw-mul\libc.a(lib_a-memchr.o)
 .text.memchr   0x000000000800bfe4       0xe4 c:/programdata/intelfpga_lite/nios2eds/bin/gnu/h-x86_64-mingw32/bin/../lib/gcc/nios2-elf/5.3.0/../../../../../H-x86_64-mingw32/nios2-elf/lib/mno-hw-mul\libc.a(lib_a-memchr.o)
                0x000000000800bfe4                memchr
 .text          0x000000000800c0c8        0x0 c:/programdata/intelfpga_lite/nios2eds/bin/gnu/h-x86_64-mingw32/bin/../lib/gcc/nios2-elf/5.3.0/../../../../../H-x86_64-mingw32/nios2-elf/lib/mno-hw-mul\libc.a(lib_a-memcpy.o)
 .text.memcpy   0x000000000800c0c8      0x148 c:/programdata/intelfpga_lite/nios2eds/bin/gnu/h-x86_64-mingw32/bin/../lib/gcc/nios2-elf/5.3.0/../../../../../H-x86_64-mingw32/nios2-elf/lib/mno-hw-mul\libc.a(lib_a-memcpy.o)
                0x000000000800c0c8                memcpy
 .text          0x000000000800c210        0x0 c:/programdata/intelfpga_lite/nios2eds/bin/gnu/h-x86_64-mingw32/bin/../lib/gcc/nios2-elf/5.3.0/../../../../../H-x86_64-mingw32/nios2-elf/lib/mno-hw-mul\libc.a(lib_a-memmove.o)
 .text.memmove  0x000000000800c210      0x15c c:/programdata/intelfpga_lite/nios2eds/bin/gnu/h-x86_64-mingw32/bin/../lib/gcc/nios2-elf/5.3.0/../../../../../H-x86_64-mingw32/nios2-elf/lib/mno-hw-mul\libc.a(lib_a-memmove.o)
                0x000000000800c210                memmove
 .text          0x000000000800c36c        0x0 c:/programdata/intelfpga_lite/nios2eds/bin/gnu/h-x86_64-mingw32/bin/../lib/gcc/nios2-elf/5.3.0/../../../../../H-x86_64-mingw32/nios2-elf/lib/mno-hw-mul\libc.a(lib_a-memset.o)
 .text.memset   0x000000000800c36c      0x128 c:/programdata/intelfpga_lite/nios2eds/bin/gnu/h-x86_64-mingw32/bin/../lib/gcc/nios2-elf/5.3.0/../../../../../H-x86_64-mingw32/nios2-elf/lib/mno-hw-mul\libc.a(lib_a-memset.o)
                0x000000000800c36c                memset
 .text          0x000000000800c494        0x0 c:/programdata/intelfpga_lite/nios2eds/bin/gnu/h-x86_64-mingw32/bin/../lib/gcc/nios2-elf/5.3.0/../../../../../H-x86_64-mingw32/nios2-elf/lib/mno-hw-mul\libc.a(lib_a-mprec.o)
 .text._Balloc  0x000000000800c494       0xa8 c:/programdata/intelfpga_lite/nios2eds/bin/gnu/h-x86_64-mingw32/bin/../lib/gcc/nios2-elf/5.3.0/../../../../../H-x86_64-mingw32/nios2-elf/lib/mno-hw-mul\libc.a(lib_a-mprec.o)
                0x000000000800c494                _Balloc
 .text._Bfree   0x000000000800c53c       0x28 c:/programdata/intelfpga_lite/nios2eds/bin/gnu/h-x86_64-mingw32/bin/../lib/gcc/nios2-elf/5.3.0/../../../../../H-x86_64-mingw32/nios2-elf/lib/mno-hw-mul\libc.a(lib_a-mprec.o)
                0x000000000800c53c                _Bfree
 .text.__multadd
                0x000000000800c564      0x148 c:/programdata/intelfpga_lite/nios2eds/bin/gnu/h-x86_64-mingw32/bin/../lib/gcc/nios2-elf/5.3.0/../../../../../H-x86_64-mingw32/nios2-elf/lib/mno-hw-mul\libc.a(lib_a-mprec.o)
                0x000000000800c564                __multadd
 .text.__s2b    0x000000000800c6ac      0x104 c:/programdata/intelfpga_lite/nios2eds/bin/gnu/h-x86_64-mingw32/bin/../lib/gcc/nios2-elf/5.3.0/../../../../../H-x86_64-mingw32/nios2-elf/lib/mno-hw-mul\libc.a(lib_a-mprec.o)
                0x000000000800c6ac                __s2b
 .text.__hi0bits
                0x000000000800c7b0       0x68 c:/programdata/intelfpga_lite/nios2eds/bin/gnu/h-x86_64-mingw32/bin/../lib/gcc/nios2-elf/5.3.0/../../../../../H-x86_64-mingw32/nios2-elf/lib/mno-hw-mul\libc.a(lib_a-mprec.o)
                0x000000000800c7b0                __hi0bits
 .text.__lo0bits
                0x000000000800c818       0xb0 c:/programdata/intelfpga_lite/nios2eds/bin/gnu/h-x86_64-mingw32/bin/../lib/gcc/nios2-elf/5.3.0/../../../../../H-x86_64-mingw32/nios2-elf/lib/mno-hw-mul\libc.a(lib_a-mprec.o)
                0x000000000800c818                __lo0bits
 .text.__i2b    0x000000000800c8c8       0x3c c:/programdata/intelfpga_lite/nios2eds/bin/gnu/h-x86_64-mingw32/bin/../lib/gcc/nios2-elf/5.3.0/../../../../../H-x86_64-mingw32/nios2-elf/lib/mno-hw-mul\libc.a(lib_a-mprec.o)
                0x000000000800c8c8                __i2b
 .text.__multiply
                0x000000000800c904      0x28c c:/programdata/intelfpga_lite/nios2eds/bin/gnu/h-x86_64-mingw32/bin/../lib/gcc/nios2-elf/5.3.0/../../../../../H-x86_64-mingw32/nios2-elf/lib/mno-hw-mul\libc.a(lib_a-mprec.o)
                0x000000000800c904                __multiply
 .text.__pow5mult
                0x000000000800cb90      0x140 c:/programdata/intelfpga_lite/nios2eds/bin/gnu/h-x86_64-mingw32/bin/../lib/gcc/nios2-elf/5.3.0/../../../../../H-x86_64-mingw32/nios2-elf/lib/mno-hw-mul\libc.a(lib_a-mprec.o)
                0x000000000800cb90                __pow5mult
 .text.__lshift
                0x000000000800ccd0      0x148 c:/programdata/intelfpga_lite/nios2eds/bin/gnu/h-x86_64-mingw32/bin/../lib/gcc/nios2-elf/5.3.0/../../../../../H-x86_64-mingw32/nios2-elf/lib/mno-hw-mul\libc.a(lib_a-mprec.o)
                0x000000000800ccd0                __lshift
 .text.__mcmp   0x000000000800ce18       0x60 c:/programdata/intelfpga_lite/nios2eds/bin/gnu/h-x86_64-mingw32/bin/../lib/gcc/nios2-elf/5.3.0/../../../../../H-x86_64-mingw32/nios2-elf/lib/mno-hw-mul\libc.a(lib_a-mprec.o)
                0x000000000800ce18                __mcmp
 .text.__mdiff  0x000000000800ce78      0x1fc c:/programdata/intelfpga_lite/nios2eds/bin/gnu/h-x86_64-mingw32/bin/../lib/gcc/nios2-elf/5.3.0/../../../../../H-x86_64-mingw32/nios2-elf/lib/mno-hw-mul\libc.a(lib_a-mprec.o)
                0x000000000800ce78                __mdiff
 .text.__ulp    0x000000000800d074       0x64 c:/programdata/intelfpga_lite/nios2eds/bin/gnu/h-x86_64-mingw32/bin/../lib/gcc/nios2-elf/5.3.0/../../../../../H-x86_64-mingw32/nios2-elf/lib/mno-hw-mul\libc.a(lib_a-mprec.o)
                0x000000000800d074                __ulp
 .text.__b2d    0x000000000800d0d8      0x10c c:/programdata/intelfpga_lite/nios2eds/bin/gnu/h-x86_64-mingw32/bin/../lib/gcc/nios2-elf/5.3.0/../../../../../H-x86_64-mingw32/nios2-elf/lib/mno-hw-mul\libc.a(lib_a-mprec.o)
                0x000000000800d0d8                __b2d
 .text.__d2b    0x000000000800d1e4      0x14c c:/programdata/intelfpga_lite/nios2eds/bin/gnu/h-x86_64-mingw32/bin/../lib/gcc/nios2-elf/5.3.0/../../../../../H-x86_64-mingw32/nios2-elf/lib/mno-hw-mul\libc.a(lib_a-mprec.o)
                0x000000000800d1e4                __d2b
 .text.__ratio  0x000000000800d330       0xa4 c:/programdata/intelfpga_lite/nios2eds/bin/gnu/h-x86_64-mingw32/bin/../lib/gcc/nios2-elf/5.3.0/../../../../../H-x86_64-mingw32/nios2-elf/lib/mno-hw-mul\libc.a(lib_a-mprec.o)
                0x000000000800d330                __ratio
 .text._mprec_log10
                0x000000000800d3d4       0x74 c:/programdata/intelfpga_lite/nios2eds/bin/gnu/h-x86_64-mingw32/bin/../lib/gcc/nios2-elf/5.3.0/../../../../../H-x86_64-mingw32/nios2-elf/lib/mno-hw-mul\libc.a(lib_a-mprec.o)
                0x000000000800d3d4                _mprec_log10
 .text.__copybits
                0x000000000800d448       0x78 c:/programdata/intelfpga_lite/nios2eds/bin/gnu/h-x86_64-mingw32/bin/../lib/gcc/nios2-elf/5.3.0/../../../../../H-x86_64-mingw32/nios2-elf/lib/mno-hw-mul\libc.a(lib_a-mprec.o)
                0x000000000800d448                __copybits
 .text.__any_on
                0x000000000800d4c0       0x8c c:/programdata/intelfpga_lite/nios2eds/bin/gnu/h-x86_64-mingw32/bin/../lib/gcc/nios2-elf/5.3.0/../../../../../H-x86_64-mingw32/nios2-elf/lib/mno-hw-mul\libc.a(lib_a-mprec.o)
                0x000000000800d4c0                __any_on
 .text          0x000000000800d54c        0x0 c:/programdata/intelfpga_lite/nios2eds/bin/gnu/h-x86_64-mingw32/bin/../lib/gcc/nios2-elf/5.3.0/../../../../../H-x86_64-mingw32/nios2-elf/lib/mno-hw-mul\libc.a(lib_a-reallocr.o)
 .text._realloc_r
                0x000000000800d54c      0x564 c:/programdata/intelfpga_lite/nios2eds/bin/gnu/h-x86_64-mingw32/bin/../lib/gcc/nios2-elf/5.3.0/../../../../../H-x86_64-mingw32/nios2-elf/lib/mno-hw-mul\libc.a(lib_a-reallocr.o)
                0x000000000800d54c                _realloc_r
 .text          0x000000000800dab0        0x0 c:/programdata/intelfpga_lite/nios2eds/bin/gnu/h-x86_64-mingw32/bin/../lib/gcc/nios2-elf/5.3.0/../../../../../H-x86_64-mingw32/nios2-elf/lib/mno-hw-mul\libc.a(lib_a-s_fpclassify.o)
 .text.__fpclassifyd
                0x000000000800dab0       0x74 c:/programdata/intelfpga_lite/nios2eds/bin/gnu/h-x86_64-mingw32/bin/../lib/gcc/nios2-elf/5.3.0/../../../../../H-x86_64-mingw32/nios2-elf/lib/mno-hw-mul\libc.a(lib_a-s_fpclassify.o)
                0x000000000800dab0                __fpclassifyd
 .text          0x000000000800db24        0x0 c:/programdata/intelfpga_lite/nios2eds/bin/gnu/h-x86_64-mingw32/bin/../lib/gcc/nios2-elf/5.3.0/../../../../../H-x86_64-mingw32/nios2-elf/lib/mno-hw-mul\libc.a(lib_a-sbrkr.o)
 .text._sbrk_r  0x000000000800db24       0x54 c:/programdata/intelfpga_lite/nios2eds/bin/gnu/h-x86_64-mingw32/bin/../lib/gcc/nios2-elf/5.3.0/../../../../../H-x86_64-mingw32/nios2-elf/lib/mno-hw-mul\libc.a(lib_a-sbrkr.o)
                0x000000000800db24                _sbrk_r
 .text          0x000000000800db78        0x0 c:/programdata/intelfpga_lite/nios2eds/bin/gnu/h-x86_64-mingw32/bin/../lib/gcc/nios2-elf/5.3.0/../../../../../H-x86_64-mingw32/nios2-elf/lib/mno-hw-mul\libc.a(lib_a-stdio.o)
 .text.__sread  0x000000000800db78       0x54 c:/programdata/intelfpga_lite/nios2eds/bin/gnu/h-x86_64-mingw32/bin/../lib/gcc/nios2-elf/5.3.0/../../../../../H-x86_64-mingw32/nios2-elf/lib/mno-hw-mul\libc.a(lib_a-stdio.o)
                0x000000000800db78                __sread
 .text.__seofread
                0x000000000800dbcc        0x8 c:/programdata/intelfpga_lite/nios2eds/bin/gnu/h-x86_64-mingw32/bin/../lib/gcc/nios2-elf/5.3.0/../../../../../H-x86_64-mingw32/nios2-elf/lib/mno-hw-mul\libc.a(lib_a-stdio.o)
                0x000000000800dbcc                __seofread
 .text.__swrite
                0x000000000800dbd4       0x7c c:/programdata/intelfpga_lite/nios2eds/bin/gnu/h-x86_64-mingw32/bin/../lib/gcc/nios2-elf/5.3.0/../../../../../H-x86_64-mingw32/nios2-elf/lib/mno-hw-mul\libc.a(lib_a-stdio.o)
                0x000000000800dbd4                __swrite
 .text.__sseek  0x000000000800dc50       0x5c c:/programdata/intelfpga_lite/nios2eds/bin/gnu/h-x86_64-mingw32/bin/../lib/gcc/nios2-elf/5.3.0/../../../../../H-x86_64-mingw32/nios2-elf/lib/mno-hw-mul\libc.a(lib_a-stdio.o)
                0x000000000800dc50                __sseek
 .text.__sclose
                0x000000000800dcac        0x8 c:/programdata/intelfpga_lite/nios2eds/bin/gnu/h-x86_64-mingw32/bin/../lib/gcc/nios2-elf/5.3.0/../../../../../H-x86_64-mingw32/nios2-elf/lib/mno-hw-mul\libc.a(lib_a-stdio.o)
                0x000000000800dcac                __sclose
 .text          0x000000000800dcb4        0x0 c:/programdata/intelfpga_lite/nios2eds/bin/gnu/h-x86_64-mingw32/bin/../lib/gcc/nios2-elf/5.3.0/../../../../../H-x86_64-mingw32/nios2-elf/lib/mno-hw-mul\libc.a(lib_a-strcmp.o)
 .text.strcmp   0x000000000800dcb4       0xdc c:/programdata/intelfpga_lite/nios2eds/bin/gnu/h-x86_64-mingw32/bin/../lib/gcc/nios2-elf/5.3.0/../../../../../H-x86_64-mingw32/nios2-elf/lib/mno-hw-mul\libc.a(lib_a-strcmp.o)
                0x000000000800dcb4                strcmp
 .text          0x000000000800dd90        0x0 c:/programdata/intelfpga_lite/nios2eds/bin/gnu/h-x86_64-mingw32/bin/../lib/gcc/nios2-elf/5.3.0/../../../../../H-x86_64-mingw32/nios2-elf/lib/mno-hw-mul\libc.a(lib_a-vfiprintf.o)
 .text.__sprint_r.part.0
                0x000000000800dd90       0xfc c:/programdata/intelfpga_lite/nios2eds/bin/gnu/h-x86_64-mingw32/bin/../lib/gcc/nios2-elf/5.3.0/../../../../../H-x86_64-mingw32/nios2-elf/lib/mno-hw-mul\libc.a(lib_a-vfiprintf.o)
 .text.__sprint_r
                0x000000000800de8c       0x18 c:/programdata/intelfpga_lite/nios2eds/bin/gnu/h-x86_64-mingw32/bin/../lib/gcc/nios2-elf/5.3.0/../../../../../H-x86_64-mingw32/nios2-elf/lib/mno-hw-mul\libc.a(lib_a-vfiprintf.o)
                0x000000000800de8c                __sprint_r
 .text.___vfiprintf_internal_r
                0x000000000800dea4     0x150c c:/programdata/intelfpga_lite/nios2eds/bin/gnu/h-x86_64-mingw32/bin/../lib/gcc/nios2-elf/5.3.0/../../../../../H-x86_64-mingw32/nios2-elf/lib/mno-hw-mul\libc.a(lib_a-vfiprintf.o)
                0x000000000800dea4                ___vfiprintf_internal_r
 .text.__vfiprintf_internal
                0x000000000800f3b0       0x1c c:/programdata/intelfpga_lite/nios2eds/bin/gnu/h-x86_64-mingw32/bin/../lib/gcc/nios2-elf/5.3.0/../../../../../H-x86_64-mingw32/nios2-elf/lib/mno-hw-mul\libc.a(lib_a-vfiprintf.o)
                0x000000000800f3b0                __vfiprintf_internal
 .text.__sbprintf
                0x000000000800f3cc       0xbc c:/programdata/intelfpga_lite/nios2eds/bin/gnu/h-x86_64-mingw32/bin/../lib/gcc/nios2-elf/5.3.0/../../../../../H-x86_64-mingw32/nios2-elf/lib/mno-hw-mul\libc.a(lib_a-vfiprintf.o)
 .text          0x000000000800f488        0x0 c:/programdata/intelfpga_lite/nios2eds/bin/gnu/h-x86_64-mingw32/bin/../lib/gcc/nios2-elf/5.3.0/../../../../../H-x86_64-mingw32/nios2-elf/lib/mno-hw-mul\libc.a(lib_a-writer.o)
 .text._write_r
                0x000000000800f488       0x60 c:/programdata/intelfpga_lite/nios2eds/bin/gnu/h-x86_64-mingw32/bin/../lib/gcc/nios2-elf/5.3.0/../../../../../H-x86_64-mingw32/nios2-elf/lib/mno-hw-mul\libc.a(lib_a-writer.o)
                0x000000000800f488                _write_r
 .text          0x000000000800f4e8        0x0 c:/programdata/intelfpga_lite/nios2eds/bin/gnu/h-x86_64-mingw32/bin/../lib/gcc/nios2-elf/5.3.0/../../../../../H-x86_64-mingw32/nios2-elf/lib/mno-hw-mul\libc.a(closer.o)
 .text._close_r
                0x000000000800f4e8       0x54 c:/programdata/intelfpga_lite/nios2eds/bin/gnu/h-x86_64-mingw32/bin/../lib/gcc/nios2-elf/5.3.0/../../../../../H-x86_64-mingw32/nios2-elf/lib/mno-hw-mul\libc.a(closer.o)
                0x000000000800f4e8                _close_r
 .text          0x000000000800f53c        0x0 c:/programdata/intelfpga_lite/nios2eds/bin/gnu/h-x86_64-mingw32/bin/../lib/gcc/nios2-elf/5.3.0/../../../../../H-x86_64-mingw32/nios2-elf/lib/mno-hw-mul\libc.a(lib_a-callocr.o)
 .text._calloc_r
                0x000000000800f53c       0xdc c:/programdata/intelfpga_lite/nios2eds/bin/gnu/h-x86_64-mingw32/bin/../lib/gcc/nios2-elf/5.3.0/../../../../../H-x86_64-mingw32/nios2-elf/lib/mno-hw-mul\libc.a(lib_a-callocr.o)
                0x000000000800f53c                _calloc_r
 .text          0x000000000800f618        0x0 c:/programdata/intelfpga_lite/nios2eds/bin/gnu/h-x86_64-mingw32/bin/../lib/gcc/nios2-elf/5.3.0/../../../../../H-x86_64-mingw32/nios2-elf/lib/mno-hw-mul\libc.a(lib_a-fclose.o)
 .text._fclose_r
                0x000000000800f618       0xf0 c:/programdata/intelfpga_lite/nios2eds/bin/gnu/h-x86_64-mingw32/bin/../lib/gcc/nios2-elf/5.3.0/../../../../../H-x86_64-mingw32/nios2-elf/lib/mno-hw-mul\libc.a(lib_a-fclose.o)
                0x000000000800f618                _fclose_r
 .text.fclose   0x000000000800f708       0x14 c:/programdata/intelfpga_lite/nios2eds/bin/gnu/h-x86_64-mingw32/bin/../lib/gcc/nios2-elf/5.3.0/../../../../../H-x86_64-mingw32/nios2-elf/lib/mno-hw-mul\libc.a(lib_a-fclose.o)
                0x000000000800f708                fclose
 .text          0x000000000800f71c        0x0 c:/programdata/intelfpga_lite/nios2eds/bin/gnu/h-x86_64-mingw32/bin/../lib/gcc/nios2-elf/5.3.0/../../../../../H-x86_64-mingw32/nios2-elf/lib/mno-hw-mul\libc.a(lib_a-fputwc.o)
 .text.__fputwc
                0x000000000800f71c      0x164 c:/programdata/intelfpga_lite/nios2eds/bin/gnu/h-x86_64-mingw32/bin/../lib/gcc/nios2-elf/5.3.0/../../../../../H-x86_64-mingw32/nios2-elf/lib/mno-hw-mul\libc.a(lib_a-fputwc.o)
                0x000000000800f71c                __fputwc
 .text._fputwc_r
                0x000000000800f880       0x24 c:/programdata/intelfpga_lite/nios2eds/bin/gnu/h-x86_64-mingw32/bin/../lib/gcc/nios2-elf/5.3.0/../../../../../H-x86_64-mingw32/nios2-elf/lib/mno-hw-mul\libc.a(lib_a-fputwc.o)
                0x000000000800f880                _fputwc_r
 .text.fputwc   0x000000000800f8a4       0x80 c:/programdata/intelfpga_lite/nios2eds/bin/gnu/h-x86_64-mingw32/bin/../lib/gcc/nios2-elf/5.3.0/../../../../../H-x86_64-mingw32/nios2-elf/lib/mno-hw-mul\libc.a(lib_a-fputwc.o)
                0x000000000800f8a4                fputwc
 .text          0x000000000800f924        0x0 c:/programdata/intelfpga_lite/nios2eds/bin/gnu/h-x86_64-mingw32/bin/../lib/gcc/nios2-elf/5.3.0/../../../../../H-x86_64-mingw32/nios2-elf/lib/mno-hw-mul\libc.a(lib_a-fstatr.o)
 .text._fstat_r
                0x000000000800f924       0x5c c:/programdata/intelfpga_lite/nios2eds/bin/gnu/h-x86_64-mingw32/bin/../lib/gcc/nios2-elf/5.3.0/../../../../../H-x86_64-mingw32/nios2-elf/lib/mno-hw-mul\libc.a(lib_a-fstatr.o)
                0x000000000800f924                _fstat_r
 .text          0x000000000800f980        0x0 c:/programdata/intelfpga_lite/nios2eds/bin/gnu/h-x86_64-mingw32/bin/../lib/gcc/nios2-elf/5.3.0/../../../../../H-x86_64-mingw32/nios2-elf/lib/mno-hw-mul\libc.a(lib_a-int_errno.o)
 .text          0x000000000800f980        0x0 c:/programdata/intelfpga_lite/nios2eds/bin/gnu/h-x86_64-mingw32/bin/../lib/gcc/nios2-elf/5.3.0/../../../../../H-x86_64-mingw32/nios2-elf/lib/mno-hw-mul\libc.a(lib_a-isattyr.o)
 .text._isatty_r
                0x000000000800f980       0x54 c:/programdata/intelfpga_lite/nios2eds/bin/gnu/h-x86_64-mingw32/bin/../lib/gcc/nios2-elf/5.3.0/../../../../../H-x86_64-mingw32/nios2-elf/lib/mno-hw-mul\libc.a(lib_a-isattyr.o)
                0x000000000800f980                _isatty_r
 .text          0x000000000800f9d4        0x0 c:/programdata/intelfpga_lite/nios2eds/bin/gnu/h-x86_64-mingw32/bin/../lib/gcc/nios2-elf/5.3.0/../../../../../H-x86_64-mingw32/nios2-elf/lib/mno-hw-mul\libc.a(lib_a-lseekr.o)
 .text._lseek_r
                0x000000000800f9d4       0x60 c:/programdata/intelfpga_lite/nios2eds/bin/gnu/h-x86_64-mingw32/bin/../lib/gcc/nios2-elf/5.3.0/../../../../../H-x86_64-mingw32/nios2-elf/lib/mno-hw-mul\libc.a(lib_a-lseekr.o)
                0x000000000800f9d4                _lseek_r
 .text          0x000000000800fa34        0x0 c:/programdata/intelfpga_lite/nios2eds/bin/gnu/h-x86_64-mingw32/bin/../lib/gcc/nios2-elf/5.3.0/../../../../../H-x86_64-mingw32/nios2-elf/lib/mno-hw-mul\libc.a(lib_a-readr.o)
 .text._read_r  0x000000000800fa34       0x60 c:/programdata/intelfpga_lite/nios2eds/bin/gnu/h-x86_64-mingw32/bin/../lib/gcc/nios2-elf/5.3.0/../../../../../H-x86_64-mingw32/nios2-elf/lib/mno-hw-mul\libc.a(lib_a-readr.o)
                0x000000000800fa34                _read_r
 .text          0x000000000800fa94        0x0 c:/programdata/intelfpga_lite/nios2eds/bin/gnu/h-x86_64-mingw32/bin/../lib/gcc/nios2-elf/5.3.0/../../../../../H-x86_64-mingw32/nios2-elf/lib/mno-hw-mul\libc.a(lib_a-wbuf.o)
 .text.__swbuf_r
                0x000000000800fa94      0x140 c:/programdata/intelfpga_lite/nios2eds/bin/gnu/h-x86_64-mingw32/bin/../lib/gcc/nios2-elf/5.3.0/../../../../../H-x86_64-mingw32/nios2-elf/lib/mno-hw-mul\libc.a(lib_a-wbuf.o)
                0x000000000800fa94                __swbuf_r
 .text.__swbuf  0x000000000800fbd4       0x18 c:/programdata/intelfpga_lite/nios2eds/bin/gnu/h-x86_64-mingw32/bin/../lib/gcc/nios2-elf/5.3.0/../../../../../H-x86_64-mingw32/nios2-elf/lib/mno-hw-mul\libc.a(lib_a-wbuf.o)
                0x000000000800fbd4                __swbuf
 .text          0x000000000800fbec        0x0 c:/programdata/intelfpga_lite/nios2eds/bin/gnu/h-x86_64-mingw32/bin/../lib/gcc/nios2-elf/5.3.0/../../../../../H-x86_64-mingw32/nios2-elf/lib/mno-hw-mul\libc.a(lib_a-wcrtomb.o)
 .text._wcrtomb_r
                0x000000000800fbec       0x9c c:/programdata/intelfpga_lite/nios2eds/bin/gnu/h-x86_64-mingw32/bin/../lib/gcc/nios2-elf/5.3.0/../../../../../H-x86_64-mingw32/nios2-elf/lib/mno-hw-mul\libc.a(lib_a-wcrtomb.o)
                0x000000000800fbec                _wcrtomb_r
 .text.wcrtomb  0x000000000800fc88       0xc0 c:/programdata/intelfpga_lite/nios2eds/bin/gnu/h-x86_64-mingw32/bin/../lib/gcc/nios2-elf/5.3.0/../../../../../H-x86_64-mingw32/nios2-elf/lib/mno-hw-mul\libc.a(lib_a-wcrtomb.o)
                0x000000000800fc88                wcrtomb
 .text          0x000000000800fd48        0x0 c:/programdata/intelfpga_lite/nios2eds/bin/gnu/h-x86_64-mingw32/bin/../lib/gcc/nios2-elf/5.3.0/../../../../../H-x86_64-mingw32/nios2-elf/lib/mno-hw-mul\libc.a(lib_a-wctomb_r.o)
 .text.__ascii_wctomb
                0x000000000800fd48       0x30 c:/programdata/intelfpga_lite/nios2eds/bin/gnu/h-x86_64-mingw32/bin/../lib/gcc/nios2-elf/5.3.0/../../../../../H-x86_64-mingw32/nios2-elf/lib/mno-hw-mul\libc.a(lib_a-wctomb_r.o)
                0x000000000800fd48                __ascii_wctomb
 .text._wctomb_r
                0x000000000800fd78       0x5c c:/programdata/intelfpga_lite/nios2eds/bin/gnu/h-x86_64-mingw32/bin/../lib/gcc/nios2-elf/5.3.0/../../../../../H-x86_64-mingw32/nios2-elf/lib/mno-hw-mul\libc.a(lib_a-wctomb_r.o)
                0x000000000800fd78                _wctomb_r
 .text          0x000000000800fdd4      0x5fc c:/programdata/intelfpga_lite/nios2eds/bin/gnu/h-x86_64-mingw32/bin/../lib/gcc/nios2-elf/5.3.0/mno-hw-mul\libgcc.a(_udivdi3.o)
                0x000000000800fdd4                __udivdi3
 .text          0x00000000080103d0      0x5c4 c:/programdata/intelfpga_lite/nios2eds/bin/gnu/h-x86_64-mingw32/bin/../lib/gcc/nios2-elf/5.3.0/mno-hw-mul\libgcc.a(_umoddi3.o)
                0x00000000080103d0                __umoddi3
 .text          0x0000000008010994      0x8ac c:/programdata/intelfpga_lite/nios2eds/bin/gnu/h-x86_64-mingw32/bin/../lib/gcc/nios2-elf/5.3.0/mno-hw-mul\libgcc.a(adddf3.o)
                0x0000000008010994                __adddf3
 .text          0x0000000008011240       0x88 c:/programdata/intelfpga_lite/nios2eds/bin/gnu/h-x86_64-mingw32/bin/../lib/gcc/nios2-elf/5.3.0/mno-hw-mul\libgcc.a(eqdf2.o)
                0x0000000008011240                __nedf2
                0x0000000008011240                __eqdf2
 .text          0x00000000080112c8       0xdc c:/programdata/intelfpga_lite/nios2eds/bin/gnu/h-x86_64-mingw32/bin/../lib/gcc/nios2-elf/5.3.0/mno-hw-mul\libgcc.a(gedf2.o)
                0x00000000080112c8                __gedf2
                0x00000000080112c8                __gtdf2
 .text          0x00000000080113a4      0x86c c:/programdata/intelfpga_lite/nios2eds/bin/gnu/h-x86_64-mingw32/bin/../lib/gcc/nios2-elf/5.3.0/mno-hw-mul\libgcc.a(muldf3.o)
                0x00000000080113a4                __muldf3
 .text          0x0000000008011c10      0x8fc c:/programdata/intelfpga_lite/nios2eds/bin/gnu/h-x86_64-mingw32/bin/../lib/gcc/nios2-elf/5.3.0/mno-hw-mul\libgcc.a(subdf3.o)
                0x0000000008011c10                __subdf3
 .text          0x000000000801250c       0x80 c:/programdata/intelfpga_lite/nios2eds/bin/gnu/h-x86_64-mingw32/bin/../lib/gcc/nios2-elf/5.3.0/mno-hw-mul\libgcc.a(fixdfsi.o)
                0x000000000801250c                __fixdfsi
 .text          0x000000000801258c      0x114 ../final_bsp/\libhal_bsp.a(alt_close.o)
                0x00000000080125c8                close
 .text          0x00000000080126a0       0x2c ../final_bsp/\libhal_bsp.a(alt_dev.o)
 .text          0x00000000080126cc        0x0 ../final_bsp/\libhal_bsp.a(alt_errno.o)
 .text          0x00000000080126cc       0xf4 ../final_bsp/\libhal_bsp.a(alt_fstat.o)
                0x0000000008012708                fstat
 .text          0x00000000080127c0       0xe8 ../final_bsp/\libhal_bsp.a(alt_isatty.o)
                0x00000000080127fc                isatty
 .text          0x00000000080128a8       0xec ../final_bsp/\libhal_bsp.a(alt_load.o)
                0x0000000008012910                alt_load
 .text          0x0000000008012994      0x118 ../final_bsp/\libhal_bsp.a(alt_lseek.o)
                0x00000000080129d0                lseek
 .text          0x0000000008012aac       0x7c ../final_bsp/\libhal_bsp.a(alt_main.o)
                0x0000000008012aac                alt_main
 .text          0x0000000008012b28       0x48 ../final_bsp/\libhal_bsp.a(alt_malloc_lock.o)
                0x0000000008012b28                __malloc_lock
                0x0000000008012b4c                __malloc_unlock
 .text          0x0000000008012b70      0x140 ../final_bsp/\libhal_bsp.a(alt_read.o)
                0x0000000008012bac                read
 .text          0x0000000008012cb0       0x84 ../final_bsp/\libhal_bsp.a(alt_release_fd.o)
                0x0000000008012cb0                alt_release_fd
 .text          0x0000000008012d34       0xb0 ../final_bsp/\libhal_bsp.a(alt_sbrk.o)
                0x0000000008012d34                sbrk
 .text          0x0000000008012de4       0xb4 ../final_bsp/\libhal_bsp.a(alt_times.o)
                0x0000000008012e20                times
 .text          0x0000000008012e98       0x30 ../final_bsp/\libhal_bsp.a(alt_usleep.o)
                0x0000000008012e98                usleep
 .text          0x0000000008012ec8      0x13c ../final_bsp/\libhal_bsp.a(alt_write.o)
                0x0000000008012f04                write
 .text          0x0000000008013004       0xb8 ../final_bsp/\libhal_bsp.a(alt_sys_init.o)
                0x0000000008013038                alt_irq_init
                0x0000000008013070                alt_sys_init
 .text          0x00000000080130bc      0x164 ../final_bsp/\libhal_bsp.a(altera_avalon_jtag_uart_fd.o)
                0x00000000080130bc                altera_avalon_jtag_uart_read_fd
                0x000000000801311c                altera_avalon_jtag_uart_write_fd
                0x000000000801317c                altera_avalon_jtag_uart_close_fd
                0x00000000080131cc                altera_avalon_jtag_uart_ioctl_fd
 .text          0x0000000008013220      0x3d4 ../final_bsp/\libhal_bsp.a(altera_avalon_jtag_uart_init.o)
                0x0000000008013220                altera_avalon_jtag_uart_init
                0x000000000801358c                altera_avalon_jtag_uart_close
 .text          0x00000000080135f4       0xf0 ../final_bsp/\libhal_bsp.a(altera_avalon_jtag_uart_ioctl.o)
                0x00000000080135f4                altera_avalon_jtag_uart_ioctl
 .text          0x00000000080136e4      0x21c ../final_bsp/\libhal_bsp.a(altera_avalon_jtag_uart_read.o)
                0x00000000080136e4                altera_avalon_jtag_uart_read
 .text          0x0000000008013900      0x224 ../final_bsp/\libhal_bsp.a(altera_avalon_jtag_uart_write.o)
                0x0000000008013900                altera_avalon_jtag_uart_write
 .text          0x0000000008013b24      0x12c ../final_bsp/\libhal_bsp.a(alt_alarm_start.o)
                0x0000000008013b24                alt_alarm_start
 .text          0x0000000008013c50      0x158 ../final_bsp/\libhal_bsp.a(alt_busy_sleep.o)
                0x0000000008013c50                alt_busy_sleep
 .text          0x0000000008013da8       0x20 ../final_bsp/\libhal_bsp.a(alt_dcache_flush_all.o)
                0x0000000008013da8                alt_dcache_flush_all
 .text          0x0000000008013dc8       0xe0 ../final_bsp/\libhal_bsp.a(alt_dev_llist_insert.o)
                0x0000000008013e04                alt_dev_llist_insert
 .text          0x0000000008013ea8       0x60 ../final_bsp/\libhal_bsp.a(alt_do_ctors.o)
                0x0000000008013ea8                _do_ctors
 .text          0x0000000008013f08       0x60 ../final_bsp/\libhal_bsp.a(alt_do_dtors.o)
                0x0000000008013f08                _do_dtors
 .text          0x0000000008013f68       0x20 ../final_bsp/\libhal_bsp.a(alt_icache_flush_all.o)
                0x0000000008013f68                alt_icache_flush_all
 .text          0x0000000008013f88      0x1b0 ../final_bsp/\libhal_bsp.a(alt_iic.o)
                0x0000000008013f88                alt_ic_isr_register
                0x0000000008013fd8                alt_ic_irq_enable
                0x0000000008014060                alt_ic_irq_disable
                0x00000000080140ec                alt_ic_irq_enabled
 .text          0x0000000008014138       0xf0 ../final_bsp/\libhal_bsp.a(alt_iic_isr_register.o)
                0x0000000008014138                alt_iic_isr_register
 .text          0x0000000008014228      0x160 ../final_bsp/\libhal_bsp.a(alt_io_redirect.o)
                0x000000000801430c                alt_io_redirect
 .text          0x0000000008014388        0x0 ../final_bsp/\libhal_bsp.a(alt_irq_entry.o)
 .text          0x0000000008014388        0x0 ../final_bsp/\libhal_bsp.a(alt_irq_handler.o)
 .text          0x0000000008014388        0x0 ../final_bsp/\libhal_bsp.a(alt_irq_vars.o)
 .text          0x0000000008014388      0x284 ../final_bsp/\libhal_bsp.a(alt_open.o)
                0x00000000080144b0                open
 .text          0x000000000801460c      0x1a4 ../final_bsp/\libhal_bsp.a(alt_tick.o)
                0x000000000801460c                alt_alarm_stop
                0x00000000080146a8                alt_tick
 .text          0x00000000080147b0       0x24 ../final_bsp/\libhal_bsp.a(altera_nios2_gen2_irq.o)
                0x00000000080147b0                altera_nios2_gen2_irq_init
 .text          0x00000000080147d4        0x0 ../final_bsp/\libhal_bsp.a(alt_exception_entry.o)
 .text          0x00000000080147d4       0x90 ../final_bsp/\libhal_bsp.a(alt_find_dev.o)
                0x00000000080147d4                alt_find_dev
 .text          0x0000000008014864      0x108 ../final_bsp/\libhal_bsp.a(alt_find_file.o)
                0x0000000008014864                alt_find_file
 .text          0x000000000801496c       0xc4 ../final_bsp/\libhal_bsp.a(alt_get_fd.o)
                0x000000000801496c                alt_get_fd
 .text          0x0000000008014a30       0x9c ../final_bsp/\libhal_bsp.a(alt_instruction_exception_entry.o)
                0x0000000008014a30                alt_exception_cause_generated_bad_addr
 .text          0x0000000008014acc        0x0 c:/programdata/intelfpga_lite/nios2eds/bin/gnu/h-x86_64-mingw32/bin/../lib/gcc/nios2-elf/5.3.0/../../../../../H-x86_64-mingw32/nios2-elf/lib/mno-hw-mul\libc.a(lib_a-atexit.o)
 .text.atexit   0x0000000008014acc       0x14 c:/programdata/intelfpga_lite/nios2eds/bin/gnu/h-x86_64-mingw32/bin/../lib/gcc/nios2-elf/5.3.0/../../../../../H-x86_64-mingw32/nios2-elf/lib/mno-hw-mul\libc.a(lib_a-atexit.o)
                0x0000000008014acc                atexit
 .text          0x0000000008014ae0        0x0 c:/programdata/intelfpga_lite/nios2eds/bin/gnu/h-x86_64-mingw32/bin/../lib/gcc/nios2-elf/5.3.0/../../../../../H-x86_64-mingw32/nios2-elf/lib/mno-hw-mul\libc.a(lib_a-exit.o)
 .text.exit     0x0000000008014ae0       0x38 c:/programdata/intelfpga_lite/nios2eds/bin/gnu/h-x86_64-mingw32/bin/../lib/gcc/nios2-elf/5.3.0/../../../../../H-x86_64-mingw32/nios2-elf/lib/mno-hw-mul\libc.a(lib_a-exit.o)
                0x0000000008014ae0                exit
 .text          0x0000000008014b18        0x0 c:/programdata/intelfpga_lite/nios2eds/bin/gnu/h-x86_64-mingw32/bin/../lib/gcc/nios2-elf/5.3.0/../../../../../H-x86_64-mingw32/nios2-elf/lib/mno-hw-mul\libc.a(lib_a-memcmp.o)
 .text.memcmp   0x0000000008014b18       0x7c c:/programdata/intelfpga_lite/nios2eds/bin/gnu/h-x86_64-mingw32/bin/../lib/gcc/nios2-elf/5.3.0/../../../../../H-x86_64-mingw32/nios2-elf/lib/mno-hw-mul\libc.a(lib_a-memcmp.o)
                0x0000000008014b18                memcmp
 .text          0x0000000008014b94        0x0 c:/programdata/intelfpga_lite/nios2eds/bin/gnu/h-x86_64-mingw32/bin/../lib/gcc/nios2-elf/5.3.0/../../../../../H-x86_64-mingw32/nios2-elf/lib/mno-hw-mul\libc.a(lib_a-__atexit.o)
 .text.__register_exitproc
                0x0000000008014b94      0x118 c:/programdata/intelfpga_lite/nios2eds/bin/gnu/h-x86_64-mingw32/bin/../lib/gcc/nios2-elf/5.3.0/../../../../../H-x86_64-mingw32/nios2-elf/lib/mno-hw-mul\libc.a(lib_a-__atexit.o)
                0x0000000008014b94                __register_exitproc
 .text          0x0000000008014cac        0x0 c:/programdata/intelfpga_lite/nios2eds/bin/gnu/h-x86_64-mingw32/bin/../lib/gcc/nios2-elf/5.3.0/../../../../../H-x86_64-mingw32/nios2-elf/lib/mno-hw-mul\libc.a(lib_a-__call_atexit.o)
 .text.__call_exitprocs
                0x0000000008014cac      0x180 c:/programdata/intelfpga_lite/nios2eds/bin/gnu/h-x86_64-mingw32/bin/../lib/gcc/nios2-elf/5.3.0/../../../../../H-x86_64-mingw32/nios2-elf/lib/mno-hw-mul\libc.a(lib_a-__call_atexit.o)
                0x0000000008014cac                __call_exitprocs
 .text          0x0000000008014e2c       0x34 ../final_bsp/\libhal_bsp.a(alt_exit.o)
                0x0000000008014e2c                _exit
 *(.gnu.warning.*)
 *(.fini)
                [!provide]                        PROVIDE (__etext, ABSOLUTE (.))
                [!provide]                        PROVIDE (_etext, ABSOLUTE (.))
                [!provide]                        PROVIDE (etext, ABSOLUTE (.))
 *(.eh_frame_hdr)
                0x0000000008014e60                . = ALIGN (0x4)
                [!provide]                        PROVIDE (__preinit_array_start, ABSOLUTE (.))
 *(.preinit_array)
                [!provide]                        PROVIDE (__preinit_array_end, ABSOLUTE (.))
                [!provide]                        PROVIDE (__init_array_start, ABSOLUTE (.))
 *(.init_array)
                [!provide]                        PROVIDE (__init_array_end, ABSOLUTE (.))
                [!provide]                        PROVIDE (__fini_array_start, ABSOLUTE (.))
 *(.fini_array)
                [!provide]                        PROVIDE (__fini_array_end, ABSOLUTE (.))
 *(.eh_frame)
 *(.gcc_except_table .gcc_except_table.*)
 *(.dynamic)
                0x0000000008014e60                PROVIDE (__CTOR_LIST__, ABSOLUTE (.))
 *(.ctors)
 *(SORT(.ctors.*))
                0x0000000008014e60                PROVIDE (__CTOR_END__, ABSOLUTE (.))
                0x0000000008014e60                PROVIDE (__DTOR_LIST__, ABSOLUTE (.))
 *(.dtors)
 *(SORT(.dtors.*))
                0x0000000008014e60                PROVIDE (__DTOR_END__, ABSOLUTE (.))
 *(.jcr)
                0x0000000008014e60                . = ALIGN (0x4)

.rodata         0x0000000008014e60      0x3ec
                0x0000000008014e60                PROVIDE (__ram_rodata_start, ABSOLUTE (.))
                0x0000000008014e60                . = ALIGN (0x4)
 *(.rodata .rodata.* .gnu.linkonce.r.*)
 .rodata        0x0000000008014e60       0x4f obj/default/main.o
 *fill*         0x0000000008014eaf        0x1 
 .rodata        0x0000000008014eb0       0x27 obj/default/torpedo.o
 *fill*         0x0000000008014ed7        0x1 
 .rodata        0x0000000008014ed8       0x71 obj/default/usb.o
 .rodata        0x0000000008014f49      0x100 c:/programdata/intelfpga_lite/nios2eds/bin/gnu/h-x86_64-mingw32/bin/../lib/gcc/nios2-elf/5.3.0/mno-hw-mul\libgcc.a(_clz.o)
                0x0000000008014f49                __clz_tab
 *fill*         0x0000000008015049        0x3 
 .rodata.str1.4
                0x000000000801504c        0x2 c:/programdata/intelfpga_lite/nios2eds/bin/gnu/h-x86_64-mingw32/bin/../lib/gcc/nios2-elf/5.3.0/../../../../../H-x86_64-mingw32/nios2-elf/lib/mno-hw-mul\libc.a(lib_a-impure.o)
 *fill*         0x000000000801504e        0x2 
 .rodata.str1.4
                0x0000000008015050        0x2 c:/programdata/intelfpga_lite/nios2eds/bin/gnu/h-x86_64-mingw32/bin/../lib/gcc/nios2-elf/5.3.0/../../../../../H-x86_64-mingw32/nios2-elf/lib/mno-hw-mul\libc.a(lib_a-puts.o)
 *fill*         0x0000000008015052        0x2 
 .rodata.str1.4
                0x0000000008015054       0x42 c:/programdata/intelfpga_lite/nios2eds/bin/gnu/h-x86_64-mingw32/bin/../lib/gcc/nios2-elf/5.3.0/../../../../../H-x86_64-mingw32/nios2-elf/lib/mno-hw-mul\libc.a(lib_a-vfprintf.o)
 .rodata.zeroes.4404
                0x0000000008015096       0x10 c:/programdata/intelfpga_lite/nios2eds/bin/gnu/h-x86_64-mingw32/bin/../lib/gcc/nios2-elf/5.3.0/../../../../../H-x86_64-mingw32/nios2-elf/lib/mno-hw-mul\libc.a(lib_a-vfprintf.o)
 .rodata.blanks.4403
                0x00000000080150a6       0x10 c:/programdata/intelfpga_lite/nios2eds/bin/gnu/h-x86_64-mingw32/bin/../lib/gcc/nios2-elf/5.3.0/../../../../../H-x86_64-mingw32/nios2-elf/lib/mno-hw-mul\libc.a(lib_a-vfprintf.o)
 *fill*         0x00000000080150b6        0x2 
 .rodata.str1.4
                0x00000000080150b8       0x10 c:/programdata/intelfpga_lite/nios2eds/bin/gnu/h-x86_64-mingw32/bin/../lib/gcc/nios2-elf/5.3.0/../../../../../H-x86_64-mingw32/nios2-elf/lib/mno-hw-mul\libc.a(lib_a-dtoa.o)
                                         0x12 (size before relaxing)
 .rodata.str1.4
                0x00000000080150c8        0xc c:/programdata/intelfpga_lite/nios2eds/bin/gnu/h-x86_64-mingw32/bin/../lib/gcc/nios2-elf/5.3.0/../../../../../H-x86_64-mingw32/nios2-elf/lib/mno-hw-mul\libc.a(lib_a-locale.o)
                                         0x12 (size before relaxing)
 .rodata.p05.2768
                0x00000000080150d4        0xc c:/programdata/intelfpga_lite/nios2eds/bin/gnu/h-x86_64-mingw32/bin/../lib/gcc/nios2-elf/5.3.0/../../../../../H-x86_64-mingw32/nios2-elf/lib/mno-hw-mul\libc.a(lib_a-mprec.o)
 .rodata.__mprec_tinytens
                0x00000000080150e0       0x28 c:/programdata/intelfpga_lite/nios2eds/bin/gnu/h-x86_64-mingw32/bin/../lib/gcc/nios2-elf/5.3.0/../../../../../H-x86_64-mingw32/nios2-elf/lib/mno-hw-mul\libc.a(lib_a-mprec.o)
                0x00000000080150e0                __mprec_tinytens
 .rodata.__mprec_bigtens
                0x0000000008015108       0x28 c:/programdata/intelfpga_lite/nios2eds/bin/gnu/h-x86_64-mingw32/bin/../lib/gcc/nios2-elf/5.3.0/../../../../../H-x86_64-mingw32/nios2-elf/lib/mno-hw-mul\libc.a(lib_a-mprec.o)
                0x0000000008015108                __mprec_bigtens
 .rodata.__mprec_tens
                0x0000000008015130       0xc8 c:/programdata/intelfpga_lite/nios2eds/bin/gnu/h-x86_64-mingw32/bin/../lib/gcc/nios2-elf/5.3.0/../../../../../H-x86_64-mingw32/nios2-elf/lib/mno-hw-mul\libc.a(lib_a-mprec.o)
                0x0000000008015130                __mprec_tens
 .rodata.str1.4
                0x00000000080151f8       0x2f c:/programdata/intelfpga_lite/nios2eds/bin/gnu/h-x86_64-mingw32/bin/../lib/gcc/nios2-elf/5.3.0/../../../../../H-x86_64-mingw32/nios2-elf/lib/mno-hw-mul\libc.a(lib_a-vfiprintf.o)
 .rodata.zeroes.4349
                0x00000000080151f8       0x10 c:/programdata/intelfpga_lite/nios2eds/bin/gnu/h-x86_64-mingw32/bin/../lib/gcc/nios2-elf/5.3.0/../../../../../H-x86_64-mingw32/nios2-elf/lib/mno-hw-mul\libc.a(lib_a-vfiprintf.o)
 .rodata.blanks.4348
                0x0000000008015208       0x10 c:/programdata/intelfpga_lite/nios2eds/bin/gnu/h-x86_64-mingw32/bin/../lib/gcc/nios2-elf/5.3.0/../../../../../H-x86_64-mingw32/nios2-elf/lib/mno-hw-mul\libc.a(lib_a-vfiprintf.o)
 .rodata        0x0000000008015218        0xa ../final_bsp/\libhal_bsp.a(alt_dev.o)
 *fill*         0x0000000008015222        0x2 
 .rodata        0x0000000008015224       0x11 ../final_bsp/\libhal_bsp.a(alt_main.o)
 *fill*         0x0000000008015235        0x3 
 .rodata        0x0000000008015238       0x11 ../final_bsp/\libhal_bsp.a(alt_sys_init.o)
 *(.rodata1)
                0x000000000801524c                . = ALIGN (0x4)
 *fill*         0x0000000008015249        0x3 
                0x000000000801524c                PROVIDE (__ram_rodata_end, ABSOLUTE (.))
                0x0000000008014e60                PROVIDE (__flash_rodata_start, LOADADDR (.rodata))

.rwdata         0x000000000801524c     0x1b90 load address 0x0000000008016ddc
                0x000000000801524c                PROVIDE (__ram_rwdata_start, ABSOLUTE (.))
                0x000000000801524c                . = ALIGN (0x4)
 *(.got.plt)
 *(.got)
 *(.data1)
 *(.data .data.* .gnu.linkonce.d.*)
 .data          0x000000000801524c        0x0 ../final_bsp//obj/HAL/src/crt0.o
 .data          0x000000000801524c        0x0 obj/default/bullet.o
 .data          0x000000000801524c        0x0 obj/default/choose_ship.o
 .data          0x000000000801524c        0x0 obj/default/io_handler.o
 .data          0x000000000801524c        0x0 obj/default/main.o
 .data          0x000000000801524c        0x0 obj/default/ship_logic.o
 .data          0x000000000801524c        0x0 obj/default/torpedo.o
 .data          0x000000000801524c        0x0 obj/default/usb.o
 .data          0x000000000801524c        0x0 obj/default/usb_main.o
 .data          0x000000000801524c        0x0 c:/programdata/intelfpga_lite/nios2eds/bin/gnu/h-x86_64-mingw32/bin/../lib/gcc/nios2-elf/5.3.0/mno-hw-mul\libgcc.a(lib2-mul.o)
 .data          0x000000000801524c        0x0 c:/programdata/intelfpga_lite/nios2eds/bin/gnu/h-x86_64-mingw32/bin/../lib/gcc/nios2-elf/5.3.0/mno-hw-mul\libgcc.a(divdf3.o)
 .data          0x000000000801524c        0x0 c:/programdata/intelfpga_lite/nios2eds/bin/gnu/h-x86_64-mingw32/bin/../lib/gcc/nios2-elf/5.3.0/mno-hw-mul\libgcc.a(ledf2.o)
 .data          0x000000000801524c        0x0 c:/programdata/intelfpga_lite/nios2eds/bin/gnu/h-x86_64-mingw32/bin/../lib/gcc/nios2-elf/5.3.0/mno-hw-mul\libgcc.a(floatsidf.o)
 .data          0x000000000801524c        0x0 c:/programdata/intelfpga_lite/nios2eds/bin/gnu/h-x86_64-mingw32/bin/../lib/gcc/nios2-elf/5.3.0/mno-hw-mul\libgcc.a(floatunsidf.o)
 .data          0x000000000801524c        0x0 c:/programdata/intelfpga_lite/nios2eds/bin/gnu/h-x86_64-mingw32/bin/../lib/gcc/nios2-elf/5.3.0/mno-hw-mul\libgcc.a(_clzsi2.o)
 .data          0x000000000801524c        0x0 c:/programdata/intelfpga_lite/nios2eds/bin/gnu/h-x86_64-mingw32/bin/../lib/gcc/nios2-elf/5.3.0/mno-hw-mul\libgcc.a(lib2-divmod.o)
 .data          0x000000000801524c        0x0 c:/programdata/intelfpga_lite/nios2eds/bin/gnu/h-x86_64-mingw32/bin/../lib/gcc/nios2-elf/5.3.0/mno-hw-mul\libgcc.a(_clz.o)
 .data          0x000000000801524c        0x0 c:/programdata/intelfpga_lite/nios2eds/bin/gnu/h-x86_64-mingw32/bin/../lib/gcc/nios2-elf/5.3.0/../../../../../H-x86_64-mingw32/nios2-elf/lib/mno-hw-mul\libc.a(lib_a-clock.o)
 .data          0x000000000801524c        0x0 c:/programdata/intelfpga_lite/nios2eds/bin/gnu/h-x86_64-mingw32/bin/../lib/gcc/nios2-elf/5.3.0/../../../../../H-x86_64-mingw32/nios2-elf/lib/mno-hw-mul\libc.a(lib_a-impure.o)
 .data.impure_data
                0x000000000801524c      0x424 c:/programdata/intelfpga_lite/nios2eds/bin/gnu/h-x86_64-mingw32/bin/../lib/gcc/nios2-elf/5.3.0/../../../../../H-x86_64-mingw32/nios2-elf/lib/mno-hw-mul\libc.a(lib_a-impure.o)
 .data          0x0000000008015670        0x0 c:/programdata/intelfpga_lite/nios2eds/bin/gnu/h-x86_64-mingw32/bin/../lib/gcc/nios2-elf/5.3.0/../../../../../H-x86_64-mingw32/nios2-elf/lib/mno-hw-mul\libc.a(lib_a-printf.o)
 .data          0x0000000008015670        0x0 c:/programdata/intelfpga_lite/nios2eds/bin/gnu/h-x86_64-mingw32/bin/../lib/gcc/nios2-elf/5.3.0/../../../../../H-x86_64-mingw32/nios2-elf/lib/mno-hw-mul\libc.a(lib_a-puts.o)
 .data          0x0000000008015670        0x0 c:/programdata/intelfpga_lite/nios2eds/bin/gnu/h-x86_64-mingw32/bin/../lib/gcc/nios2-elf/5.3.0/../../../../../H-x86_64-mingw32/nios2-elf/lib/mno-hw-mul\libc.a(lib_a-strlen.o)
 .data          0x0000000008015670        0x0 c:/programdata/intelfpga_lite/nios2eds/bin/gnu/h-x86_64-mingw32/bin/../lib/gcc/nios2-elf/5.3.0/../../../../../H-x86_64-mingw32/nios2-elf/lib/mno-hw-mul\libc.a(lib_a-timesr.o)
 .data          0x0000000008015670        0x0 c:/programdata/intelfpga_lite/nios2eds/bin/gnu/h-x86_64-mingw32/bin/../lib/gcc/nios2-elf/5.3.0/../../../../../H-x86_64-mingw32/nios2-elf/lib/mno-hw-mul\libc.a(lib_a-vfprintf.o)
 .data          0x0000000008015670        0x0 c:/programdata/intelfpga_lite/nios2eds/bin/gnu/h-x86_64-mingw32/bin/../lib/gcc/nios2-elf/5.3.0/../../../../../H-x86_64-mingw32/nios2-elf/lib/mno-hw-mul\libc.a(lib_a-wsetup.o)
 .data          0x0000000008015670        0x0 c:/programdata/intelfpga_lite/nios2eds/bin/gnu/h-x86_64-mingw32/bin/../lib/gcc/nios2-elf/5.3.0/../../../../../H-x86_64-mingw32/nios2-elf/lib/mno-hw-mul\libc.a(lib_a-dtoa.o)
 .data          0x0000000008015670        0x0 c:/programdata/intelfpga_lite/nios2eds/bin/gnu/h-x86_64-mingw32/bin/../lib/gcc/nios2-elf/5.3.0/../../../../../H-x86_64-mingw32/nios2-elf/lib/mno-hw-mul\libc.a(lib_a-fflush.o)
 .data          0x0000000008015670        0x0 c:/programdata/intelfpga_lite/nios2eds/bin/gnu/h-x86_64-mingw32/bin/../lib/gcc/nios2-elf/5.3.0/../../../../../H-x86_64-mingw32/nios2-elf/lib/mno-hw-mul\libc.a(lib_a-findfp.o)
 .data          0x0000000008015670        0x0 c:/programdata/intelfpga_lite/nios2eds/bin/gnu/h-x86_64-mingw32/bin/../lib/gcc/nios2-elf/5.3.0/../../../../../H-x86_64-mingw32/nios2-elf/lib/mno-hw-mul\libc.a(lib_a-freer.o)
 .data          0x0000000008015670        0x0 c:/programdata/intelfpga_lite/nios2eds/bin/gnu/h-x86_64-mingw32/bin/../lib/gcc/nios2-elf/5.3.0/../../../../../H-x86_64-mingw32/nios2-elf/lib/mno-hw-mul\libc.a(lib_a-fvwrite.o)
 .data          0x0000000008015670        0x0 c:/programdata/intelfpga_lite/nios2eds/bin/gnu/h-x86_64-mingw32/bin/../lib/gcc/nios2-elf/5.3.0/../../../../../H-x86_64-mingw32/nios2-elf/lib/mno-hw-mul\libc.a(lib_a-fwalk.o)
 .data          0x0000000008015670        0x0 c:/programdata/intelfpga_lite/nios2eds/bin/gnu/h-x86_64-mingw32/bin/../lib/gcc/nios2-elf/5.3.0/../../../../../H-x86_64-mingw32/nios2-elf/lib/mno-hw-mul\libc.a(lib_a-locale.o)
 .data.lc_message_charset
                0x0000000008015670       0x20 c:/programdata/intelfpga_lite/nios2eds/bin/gnu/h-x86_64-mingw32/bin/../lib/gcc/nios2-elf/5.3.0/../../../../../H-x86_64-mingw32/nios2-elf/lib/mno-hw-mul\libc.a(lib_a-locale.o)
 .data.lc_ctype_charset
                0x0000000008015690       0x20 c:/programdata/intelfpga_lite/nios2eds/bin/gnu/h-x86_64-mingw32/bin/../lib/gcc/nios2-elf/5.3.0/../../../../../H-x86_64-mingw32/nios2-elf/lib/mno-hw-mul\libc.a(lib_a-locale.o)
 .data.lconv    0x00000000080156b0       0x38 c:/programdata/intelfpga_lite/nios2eds/bin/gnu/h-x86_64-mingw32/bin/../lib/gcc/nios2-elf/5.3.0/../../../../../H-x86_64-mingw32/nios2-elf/lib/mno-hw-mul\libc.a(lib_a-locale.o)
 .data          0x00000000080156e8        0x0 c:/programdata/intelfpga_lite/nios2eds/bin/gnu/h-x86_64-mingw32/bin/../lib/gcc/nios2-elf/5.3.0/../../../../../H-x86_64-mingw32/nios2-elf/lib/mno-hw-mul\libc.a(lib_a-makebuf.o)
 .data          0x00000000080156e8        0x0 c:/programdata/intelfpga_lite/nios2eds/bin/gnu/h-x86_64-mingw32/bin/../lib/gcc/nios2-elf/5.3.0/../../../../../H-x86_64-mingw32/nios2-elf/lib/mno-hw-mul\libc.a(lib_a-mallocr.o)
 .data.__malloc_av_
                0x00000000080156e8      0x408 c:/programdata/intelfpga_lite/nios2eds/bin/gnu/h-x86_64-mingw32/bin/../lib/gcc/nios2-elf/5.3.0/../../../../../H-x86_64-mingw32/nios2-elf/lib/mno-hw-mul\libc.a(lib_a-mallocr.o)
                0x00000000080156e8                __malloc_av_
 .data          0x0000000008015af0        0x0 c:/programdata/intelfpga_lite/nios2eds/bin/gnu/h-x86_64-mingw32/bin/../lib/gcc/nios2-elf/5.3.0/../../../../../H-x86_64-mingw32/nios2-elf/lib/mno-hw-mul\libc.a(lib_a-memchr.o)
 .data          0x0000000008015af0        0x0 c:/programdata/intelfpga_lite/nios2eds/bin/gnu/h-x86_64-mingw32/bin/../lib/gcc/nios2-elf/5.3.0/../../../../../H-x86_64-mingw32/nios2-elf/lib/mno-hw-mul\libc.a(lib_a-memcpy.o)
 .data          0x0000000008015af0        0x0 c:/programdata/intelfpga_lite/nios2eds/bin/gnu/h-x86_64-mingw32/bin/../lib/gcc/nios2-elf/5.3.0/../../../../../H-x86_64-mingw32/nios2-elf/lib/mno-hw-mul\libc.a(lib_a-memmove.o)
 .data          0x0000000008015af0        0x0 c:/programdata/intelfpga_lite/nios2eds/bin/gnu/h-x86_64-mingw32/bin/../lib/gcc/nios2-elf/5.3.0/../../../../../H-x86_64-mingw32/nios2-elf/lib/mno-hw-mul\libc.a(lib_a-memset.o)
 .data          0x0000000008015af0        0x0 c:/programdata/intelfpga_lite/nios2eds/bin/gnu/h-x86_64-mingw32/bin/../lib/gcc/nios2-elf/5.3.0/../../../../../H-x86_64-mingw32/nios2-elf/lib/mno-hw-mul\libc.a(lib_a-mprec.o)
 .data          0x0000000008015af0        0x0 c:/programdata/intelfpga_lite/nios2eds/bin/gnu/h-x86_64-mingw32/bin/../lib/gcc/nios2-elf/5.3.0/../../../../../H-x86_64-mingw32/nios2-elf/lib/mno-hw-mul\libc.a(lib_a-reallocr.o)
 .data          0x0000000008015af0        0x0 c:/programdata/intelfpga_lite/nios2eds/bin/gnu/h-x86_64-mingw32/bin/../lib/gcc/nios2-elf/5.3.0/../../../../../H-x86_64-mingw32/nios2-elf/lib/mno-hw-mul\libc.a(lib_a-s_fpclassify.o)
 .data          0x0000000008015af0        0x0 c:/programdata/intelfpga_lite/nios2eds/bin/gnu/h-x86_64-mingw32/bin/../lib/gcc/nios2-elf/5.3.0/../../../../../H-x86_64-mingw32/nios2-elf/lib/mno-hw-mul\libc.a(lib_a-sbrkr.o)
 .data          0x0000000008015af0        0x0 c:/programdata/intelfpga_lite/nios2eds/bin/gnu/h-x86_64-mingw32/bin/../lib/gcc/nios2-elf/5.3.0/../../../../../H-x86_64-mingw32/nios2-elf/lib/mno-hw-mul\libc.a(lib_a-stdio.o)
 .data          0x0000000008015af0        0x0 c:/programdata/intelfpga_lite/nios2eds/bin/gnu/h-x86_64-mingw32/bin/../lib/gcc/nios2-elf/5.3.0/../../../../../H-x86_64-mingw32/nios2-elf/lib/mno-hw-mul\libc.a(lib_a-strcmp.o)
 .data          0x0000000008015af0        0x0 c:/programdata/intelfpga_lite/nios2eds/bin/gnu/h-x86_64-mingw32/bin/../lib/gcc/nios2-elf/5.3.0/../../../../../H-x86_64-mingw32/nios2-elf/lib/mno-hw-mul\libc.a(lib_a-vfiprintf.o)
 .data          0x0000000008015af0        0x0 c:/programdata/intelfpga_lite/nios2eds/bin/gnu/h-x86_64-mingw32/bin/../lib/gcc/nios2-elf/5.3.0/../../../../../H-x86_64-mingw32/nios2-elf/lib/mno-hw-mul\libc.a(lib_a-writer.o)
 .data          0x0000000008015af0        0x0 c:/programdata/intelfpga_lite/nios2eds/bin/gnu/h-x86_64-mingw32/bin/../lib/gcc/nios2-elf/5.3.0/../../../../../H-x86_64-mingw32/nios2-elf/lib/mno-hw-mul\libc.a(closer.o)
 .data          0x0000000008015af0        0x0 c:/programdata/intelfpga_lite/nios2eds/bin/gnu/h-x86_64-mingw32/bin/../lib/gcc/nios2-elf/5.3.0/../../../../../H-x86_64-mingw32/nios2-elf/lib/mno-hw-mul\libc.a(lib_a-callocr.o)
 .data          0x0000000008015af0        0x0 c:/programdata/intelfpga_lite/nios2eds/bin/gnu/h-x86_64-mingw32/bin/../lib/gcc/nios2-elf/5.3.0/../../../../../H-x86_64-mingw32/nios2-elf/lib/mno-hw-mul\libc.a(lib_a-fclose.o)
 .data          0x0000000008015af0        0x0 c:/programdata/intelfpga_lite/nios2eds/bin/gnu/h-x86_64-mingw32/bin/../lib/gcc/nios2-elf/5.3.0/../../../../../H-x86_64-mingw32/nios2-elf/lib/mno-hw-mul\libc.a(lib_a-fputwc.o)
 .data          0x0000000008015af0        0x0 c:/programdata/intelfpga_lite/nios2eds/bin/gnu/h-x86_64-mingw32/bin/../lib/gcc/nios2-elf/5.3.0/../../../../../H-x86_64-mingw32/nios2-elf/lib/mno-hw-mul\libc.a(lib_a-fstatr.o)
 .data          0x0000000008015af0        0x0 c:/programdata/intelfpga_lite/nios2eds/bin/gnu/h-x86_64-mingw32/bin/../lib/gcc/nios2-elf/5.3.0/../../../../../H-x86_64-mingw32/nios2-elf/lib/mno-hw-mul\libc.a(lib_a-int_errno.o)
 .data          0x0000000008015af0        0x0 c:/programdata/intelfpga_lite/nios2eds/bin/gnu/h-x86_64-mingw32/bin/../lib/gcc/nios2-elf/5.3.0/../../../../../H-x86_64-mingw32/nios2-elf/lib/mno-hw-mul\libc.a(lib_a-isattyr.o)
 .data          0x0000000008015af0        0x0 c:/programdata/intelfpga_lite/nios2eds/bin/gnu/h-x86_64-mingw32/bin/../lib/gcc/nios2-elf/5.3.0/../../../../../H-x86_64-mingw32/nios2-elf/lib/mno-hw-mul\libc.a(lib_a-lseekr.o)
 .data          0x0000000008015af0        0x0 c:/programdata/intelfpga_lite/nios2eds/bin/gnu/h-x86_64-mingw32/bin/../lib/gcc/nios2-elf/5.3.0/../../../../../H-x86_64-mingw32/nios2-elf/lib/mno-hw-mul\libc.a(lib_a-readr.o)
 .data          0x0000000008015af0        0x0 c:/programdata/intelfpga_lite/nios2eds/bin/gnu/h-x86_64-mingw32/bin/../lib/gcc/nios2-elf/5.3.0/../../../../../H-x86_64-mingw32/nios2-elf/lib/mno-hw-mul\libc.a(lib_a-wbuf.o)
 .data          0x0000000008015af0        0x0 c:/programdata/intelfpga_lite/nios2eds/bin/gnu/h-x86_64-mingw32/bin/../lib/gcc/nios2-elf/5.3.0/../../../../../H-x86_64-mingw32/nios2-elf/lib/mno-hw-mul\libc.a(lib_a-wcrtomb.o)
 .data          0x0000000008015af0        0x0 c:/programdata/intelfpga_lite/nios2eds/bin/gnu/h-x86_64-mingw32/bin/../lib/gcc/nios2-elf/5.3.0/../../../../../H-x86_64-mingw32/nios2-elf/lib/mno-hw-mul\libc.a(lib_a-wctomb_r.o)
 .data          0x0000000008015af0        0x0 c:/programdata/intelfpga_lite/nios2eds/bin/gnu/h-x86_64-mingw32/bin/../lib/gcc/nios2-elf/5.3.0/mno-hw-mul\libgcc.a(_udivdi3.o)
 .data          0x0000000008015af0        0x0 c:/programdata/intelfpga_lite/nios2eds/bin/gnu/h-x86_64-mingw32/bin/../lib/gcc/nios2-elf/5.3.0/mno-hw-mul\libgcc.a(_umoddi3.o)
 .data          0x0000000008015af0        0x0 c:/programdata/intelfpga_lite/nios2eds/bin/gnu/h-x86_64-mingw32/bin/../lib/gcc/nios2-elf/5.3.0/mno-hw-mul\libgcc.a(adddf3.o)
 .data          0x0000000008015af0        0x0 c:/programdata/intelfpga_lite/nios2eds/bin/gnu/h-x86_64-mingw32/bin/../lib/gcc/nios2-elf/5.3.0/mno-hw-mul\libgcc.a(eqdf2.o)
 .data          0x0000000008015af0        0x0 c:/programdata/intelfpga_lite/nios2eds/bin/gnu/h-x86_64-mingw32/bin/../lib/gcc/nios2-elf/5.3.0/mno-hw-mul\libgcc.a(gedf2.o)
 .data          0x0000000008015af0        0x0 c:/programdata/intelfpga_lite/nios2eds/bin/gnu/h-x86_64-mingw32/bin/../lib/gcc/nios2-elf/5.3.0/mno-hw-mul\libgcc.a(muldf3.o)
 .data          0x0000000008015af0        0x0 c:/programdata/intelfpga_lite/nios2eds/bin/gnu/h-x86_64-mingw32/bin/../lib/gcc/nios2-elf/5.3.0/mno-hw-mul\libgcc.a(subdf3.o)
 .data          0x0000000008015af0        0x0 c:/programdata/intelfpga_lite/nios2eds/bin/gnu/h-x86_64-mingw32/bin/../lib/gcc/nios2-elf/5.3.0/mno-hw-mul\libgcc.a(fixdfsi.o)
 .data          0x0000000008015af0        0x0 ../final_bsp/\libhal_bsp.a(alt_close.o)
 .data          0x0000000008015af0      0x1a8 ../final_bsp/\libhal_bsp.a(alt_dev.o)
                0x0000000008015af0                alt_dev_null
                0x0000000008015b18                alt_fd_list
 .data          0x0000000008015c98        0x0 ../final_bsp/\libhal_bsp.a(alt_errno.o)
 .data          0x0000000008015c98        0x0 ../final_bsp/\libhal_bsp.a(alt_fstat.o)
 .data          0x0000000008015c98        0x0 ../final_bsp/\libhal_bsp.a(alt_isatty.o)
 .data          0x0000000008015c98        0x0 ../final_bsp/\libhal_bsp.a(alt_load.o)
 .data          0x0000000008015c98        0x0 ../final_bsp/\libhal_bsp.a(alt_lseek.o)
 .data          0x0000000008015c98        0x0 ../final_bsp/\libhal_bsp.a(alt_main.o)
 .data          0x0000000008015c98        0x0 ../final_bsp/\libhal_bsp.a(alt_malloc_lock.o)
 .data          0x0000000008015c98        0x0 ../final_bsp/\libhal_bsp.a(alt_read.o)
 .data          0x0000000008015c98        0x0 ../final_bsp/\libhal_bsp.a(alt_release_fd.o)
 .data          0x0000000008015c98        0x0 ../final_bsp/\libhal_bsp.a(alt_sbrk.o)
 .data          0x0000000008015c98        0x0 ../final_bsp/\libhal_bsp.a(alt_times.o)
 .data          0x0000000008015c98        0x0 ../final_bsp/\libhal_bsp.a(alt_usleep.o)
 .data          0x0000000008015c98        0x0 ../final_bsp/\libhal_bsp.a(alt_write.o)
 .data          0x0000000008015c98     0x1060 ../final_bsp/\libhal_bsp.a(alt_sys_init.o)
 .data          0x0000000008016cf8        0x0 ../final_bsp/\libhal_bsp.a(altera_avalon_jtag_uart_fd.o)
 .data          0x0000000008016cf8        0x0 ../final_bsp/\libhal_bsp.a(altera_avalon_jtag_uart_init.o)
 .data          0x0000000008016cf8        0x0 ../final_bsp/\libhal_bsp.a(altera_avalon_jtag_uart_ioctl.o)
 .data          0x0000000008016cf8        0x0 ../final_bsp/\libhal_bsp.a(altera_avalon_jtag_uart_read.o)
 .data          0x0000000008016cf8        0x0 ../final_bsp/\libhal_bsp.a(altera_avalon_jtag_uart_write.o)
 .data          0x0000000008016cf8        0x0 ../final_bsp/\libhal_bsp.a(alt_alarm_start.o)
 .data          0x0000000008016cf8        0x0 ../final_bsp/\libhal_bsp.a(alt_busy_sleep.o)
 .data          0x0000000008016cf8        0x0 ../final_bsp/\libhal_bsp.a(alt_dcache_flush_all.o)
 .data          0x0000000008016cf8        0x0 ../final_bsp/\libhal_bsp.a(alt_dev_llist_insert.o)
 .data          0x0000000008016cf8        0x0 ../final_bsp/\libhal_bsp.a(alt_do_ctors.o)
 .data          0x0000000008016cf8        0x0 ../final_bsp/\libhal_bsp.a(alt_do_dtors.o)
 .data          0x0000000008016cf8        0x0 ../final_bsp/\libhal_bsp.a(alt_icache_flush_all.o)
 .data          0x0000000008016cf8        0x0 ../final_bsp/\libhal_bsp.a(alt_iic.o)
 .data          0x0000000008016cf8        0x0 ../final_bsp/\libhal_bsp.a(alt_iic_isr_register.o)
 .data          0x0000000008016cf8        0x0 ../final_bsp/\libhal_bsp.a(alt_io_redirect.o)
 .data          0x0000000008016cf8        0x0 ../final_bsp/\libhal_bsp.a(alt_irq_entry.o)
 .data          0x0000000008016cf8        0x0 ../final_bsp/\libhal_bsp.a(alt_irq_handler.o)
 .data          0x0000000008016cf8        0x0 ../final_bsp/\libhal_bsp.a(alt_irq_vars.o)
 .data          0x0000000008016cf8        0x0 ../final_bsp/\libhal_bsp.a(alt_open.o)
 .data          0x0000000008016cf8        0x0 ../final_bsp/\libhal_bsp.a(alt_tick.o)
 .data          0x0000000008016cf8        0x0 ../final_bsp/\libhal_bsp.a(altera_nios2_gen2_irq.o)
 .data          0x0000000008016cf8        0x0 ../final_bsp/\libhal_bsp.a(alt_exception_entry.o)
 .data          0x0000000008016cf8        0x0 ../final_bsp/\libhal_bsp.a(alt_find_dev.o)
 .data          0x0000000008016cf8        0x0 ../final_bsp/\libhal_bsp.a(alt_find_file.o)
 .data          0x0000000008016cf8        0x0 ../final_bsp/\libhal_bsp.a(alt_get_fd.o)
 .data          0x0000000008016cf8        0x0 ../final_bsp/\libhal_bsp.a(alt_instruction_exception_entry.o)
 .data          0x0000000008016cf8        0x0 c:/programdata/intelfpga_lite/nios2eds/bin/gnu/h-x86_64-mingw32/bin/../lib/gcc/nios2-elf/5.3.0/../../../../../H-x86_64-mingw32/nios2-elf/lib/mno-hw-mul\libc.a(lib_a-atexit.o)
 .data          0x0000000008016cf8        0x0 c:/programdata/intelfpga_lite/nios2eds/bin/gnu/h-x86_64-mingw32/bin/../lib/gcc/nios2-elf/5.3.0/../../../../../H-x86_64-mingw32/nios2-elf/lib/mno-hw-mul\libc.a(lib_a-exit.o)
 .data          0x0000000008016cf8        0x0 c:/programdata/intelfpga_lite/nios2eds/bin/gnu/h-x86_64-mingw32/bin/../lib/gcc/nios2-elf/5.3.0/../../../../../H-x86_64-mingw32/nios2-elf/lib/mno-hw-mul\libc.a(lib_a-memcmp.o)
 .data          0x0000000008016cf8        0x0 c:/programdata/intelfpga_lite/nios2eds/bin/gnu/h-x86_64-mingw32/bin/../lib/gcc/nios2-elf/5.3.0/../../../../../H-x86_64-mingw32/nios2-elf/lib/mno-hw-mul\libc.a(lib_a-__atexit.o)
 .data          0x0000000008016cf8        0x0 c:/programdata/intelfpga_lite/nios2eds/bin/gnu/h-x86_64-mingw32/bin/../lib/gcc/nios2-elf/5.3.0/../../../../../H-x86_64-mingw32/nios2-elf/lib/mno-hw-mul\libc.a(lib_a-__call_atexit.o)
 .data          0x0000000008016cf8        0x0 ../final_bsp/\libhal_bsp.a(alt_exit.o)
                0x000000000801ecf8                _gp = ABSOLUTE ((. + 0x8000))
                [!provide]                        PROVIDE (gp, _gp)
 *(.rwdata .rwdata.*)
 *(.sdata .sdata.* .gnu.linkonce.s.*)
 .sdata         0x0000000008016cf8       0xa4 obj/default/main.o
                0x0000000008016cf8                game_file
                0x0000000008016cfc                bullet_1_x_0
                0x0000000008016d00                bullet_1_x_1
                0x0000000008016d04                bullet_1_x_2
                0x0000000008016d08                bullet_1_x_3
                0x0000000008016d0c                bullet_1_x_4
                0x0000000008016d10                bullet_1_x_5
                0x0000000008016d14                bullet_1_x_6
                0x0000000008016d18                bullet_1_x_7
                0x0000000008016d1c                bullet_1_x_8
                0x0000000008016d20                bullet_1_x_9
                0x0000000008016d24                bullet_1_y_0
                0x0000000008016d28                bullet_1_y_1
                0x0000000008016d2c                bullet_1_y_2
                0x0000000008016d30                bullet_1_y_3
                0x0000000008016d34                bullet_1_y_4
                0x0000000008016d38                bullet_1_y_5
                0x0000000008016d3c                bullet_1_y_6
                0x0000000008016d40                bullet_1_y_7
                0x0000000008016d44                bullet_1_y_8
                0x0000000008016d48                bullet_1_y_9
                0x0000000008016d4c                bullet_2_x_0
                0x0000000008016d50                bullet_2_x_1
                0x0000000008016d54                bullet_2_x_2
                0x0000000008016d58                bullet_2_x_3
                0x0000000008016d5c                bullet_2_x_4
                0x0000000008016d60                bullet_2_x_5
                0x0000000008016d64                bullet_2_x_6
                0x0000000008016d68                bullet_2_x_7
                0x0000000008016d6c                bullet_2_x_8
                0x0000000008016d70                bullet_2_x_9
                0x0000000008016d74                bullet_2_y_0
                0x0000000008016d78                bullet_2_y_1
                0x0000000008016d7c                bullet_2_y_2
                0x0000000008016d80                bullet_2_y_3
                0x0000000008016d84                bullet_2_y_4
                0x0000000008016d88                bullet_2_y_5
                0x0000000008016d8c                bullet_2_y_6
                0x0000000008016d90                bullet_2_y_7
                0x0000000008016d94                bullet_2_y_8
                0x0000000008016d98                bullet_2_y_9
 .sdata._global_impure_ptr
                0x0000000008016d9c        0x4 c:/programdata/intelfpga_lite/nios2eds/bin/gnu/h-x86_64-mingw32/bin/../lib/gcc/nios2-elf/5.3.0/../../../../../H-x86_64-mingw32/nios2-elf/lib/mno-hw-mul\libc.a(lib_a-impure.o)
                0x0000000008016d9c                _global_impure_ptr
 .sdata._impure_ptr
                0x0000000008016da0        0x4 c:/programdata/intelfpga_lite/nios2eds/bin/gnu/h-x86_64-mingw32/bin/../lib/gcc/nios2-elf/5.3.0/../../../../../H-x86_64-mingw32/nios2-elf/lib/mno-hw-mul\libc.a(lib_a-impure.o)
                0x0000000008016da0                _impure_ptr
 .sdata.__mb_cur_max
                0x0000000008016da4        0x4 c:/programdata/intelfpga_lite/nios2eds/bin/gnu/h-x86_64-mingw32/bin/../lib/gcc/nios2-elf/5.3.0/../../../../../H-x86_64-mingw32/nios2-elf/lib/mno-hw-mul\libc.a(lib_a-locale.o)
                0x0000000008016da4                __mb_cur_max
 .sdata.__malloc_sbrk_base
                0x0000000008016da8        0x4 c:/programdata/intelfpga_lite/nios2eds/bin/gnu/h-x86_64-mingw32/bin/../lib/gcc/nios2-elf/5.3.0/../../../../../H-x86_64-mingw32/nios2-elf/lib/mno-hw-mul\libc.a(lib_a-mallocr.o)
                0x0000000008016da8                __malloc_sbrk_base
 .sdata.__malloc_trim_threshold
                0x0000000008016dac        0x4 c:/programdata/intelfpga_lite/nios2eds/bin/gnu/h-x86_64-mingw32/bin/../lib/gcc/nios2-elf/5.3.0/../../../../../H-x86_64-mingw32/nios2-elf/lib/mno-hw-mul\libc.a(lib_a-mallocr.o)
                0x0000000008016dac                __malloc_trim_threshold
 .sdata.__wctomb
                0x0000000008016db0        0x4 c:/programdata/intelfpga_lite/nios2eds/bin/gnu/h-x86_64-mingw32/bin/../lib/gcc/nios2-elf/5.3.0/../../../../../H-x86_64-mingw32/nios2-elf/lib/mno-hw-mul\libc.a(lib_a-wctomb_r.o)
                0x0000000008016db0                __wctomb
 .sdata         0x0000000008016db4       0x14 ../final_bsp/\libhal_bsp.a(alt_dev.o)
                0x0000000008016db4                alt_fs_list
                0x0000000008016dbc                alt_dev_list
                0x0000000008016dc4                alt_max_fd
 .sdata         0x0000000008016dc8        0x4 ../final_bsp/\libhal_bsp.a(alt_errno.o)
                0x0000000008016dc8                alt_errno
 .sdata         0x0000000008016dcc        0x4 ../final_bsp/\libhal_bsp.a(alt_sbrk.o)
 .sdata         0x0000000008016dd0        0x4 ../final_bsp/\libhal_bsp.a(alt_irq_vars.o)
                0x0000000008016dd0                alt_priority_mask
 .sdata         0x0000000008016dd4        0x8 ../final_bsp/\libhal_bsp.a(alt_tick.o)
                0x0000000008016dd4                alt_alarm_list
 *(.sdata2 .sdata2.* .gnu.linkonce.s2.*)
                0x0000000008016ddc                . = ALIGN (0x4)
                0x0000000008016ddc                _edata = ABSOLUTE (.)
                [!provide]                        PROVIDE (edata, ABSOLUTE (.))
                0x0000000008016ddc                PROVIDE (__ram_rwdata_end, ABSOLUTE (.))
                0x0000000008016ddc                PROVIDE (__flash_rwdata_start, LOADADDR (.rwdata))

.bss            0x000000000801896c      0x198
                0x000000000801896c                __bss_start = ABSOLUTE (.)
                [!provide]                        PROVIDE (__sbss_start, ABSOLUTE (.))
                [!provide]                        PROVIDE (___sbss_start, ABSOLUTE (.))
 *(.dynsbss)
 *(.sbss .sbss.* .gnu.linkonce.sb.*)
 .sbss          0x000000000801896c        0x4 obj/default/bullet.o
                0x000000000801896c                ship_state
 .sbss          0x0000000008018970       0x14 obj/default/main.o
                0x0000000008018970                attack_state
                0x0000000008018974                developer_mode
                0x0000000008018978                win
                0x000000000801897c                event
                0x0000000008018980                target
 .sbss          0x0000000008018984       0x20 obj/default/usb_main.o
                0x0000000008018988                fs_device
                0x000000000801898c                keycode
                0x0000000008018990                keycode_2
                0x0000000008018994                keycode_3
                0x0000000008018998                toggle
                0x000000000801899a                usb_ctl_val